Microsoft Windows [版本 10.0.18363.1316]
(c) 2019 Microsoft Corporation。保留所有权利。

C:\WINDOWS\system32>net start mysql57
请求的服务已经启动。

请键入 NET HELPMSG 2182 以获得更多的帮助。


C:\WINDOWS\system32>mysql -u root -p
Enter password: ****
Welcome to the MySQL monitor.  Commands end with ; or \g.
Your MySQL connection id is 3
Server version: 5.7.17-log MySQL Community Server (GPL)

Copyright (c) 2000, 2016, Oracle and/or its affiliates. All rights reserved.

Oracle is a registered trademark of Oracle Corporation and/or its
affiliates. Other names may be trademarks of their respective
owners.

Type 'help;' or '\h' for help. Type '\c' to clear the current input statement.

mysql> show databases;
+--------------------+
| Database           |
+--------------------+
| information_schema |
| mydb1              |
| mydb11             |
| mydb22             |
| mydb3              |
| mydb33             |
| mydb4              |
| mydb44             |
| mydb5              |
| mydb666            |
| mysql              |
| performance_schema |
| spiderdb           |
| sys                |
| xpc_2020           |
+--------------------+
15 rows in set (0.04 sec)

mysql> drop database mydb1;
Query OK, 1 row affected (0.09 sec)

mysql> drop database mydb11;
Query OK, 1 row affected (0.02 sec)

mysql> drop database mydb22;
Query OK, 0 rows affected (0.00 sec)

mysql> drop database mydb3;
Query OK, 2 rows affected (0.05 sec)

mysql> drop database mydb33;
Query OK, 4 rows affected (0.09 sec)

mysql> drop database mydb4;
Query OK, 8 rows affected (0.18 sec)

mysql> drop database mydb44;
Query OK, 3 rows affected (0.07 sec)

mysql> drop database mydb5;
Query OK, 5 rows affected (0.11 sec)

mysql> drop database mydb666;
Query OK, 2 rows affected (0.04 sec)

mysql> show databases;
+--------------------+
| Database           |
+--------------------+
| information_schema |
| mysql              |
| performance_schema |
| spiderdb           |
| sys                |
| xpc_2020           |
+--------------------+
6 rows in set (0.00 sec)

mysql> use spiderdb;
Database changed
mysql> show tables;
+--------------------+
| Tables_in_spiderdb |
+--------------------+
| alijob             |
| tb_baike           |
| tb_book            |
| tb_dangdang        |
| tb_section         |
| tb_sina            |
| xiaohua            |
+--------------------+
7 rows in set (0.00 sec)

mysql> select * from alijob;
+--------+---------------------------------------------------------------------------------+--------+-----------------------------------------------------------------------------------------------------------------------------------------------------------------------------------------------------------------------------------------------------------------------------------------------------------------------------------------------------------------------------------------------------------------------------------------------------------------------------------------------------------------------------------------------------------------------------------------------------------------------------------------------------------------------------------------------------------------------------------------------------------------------------------------------------------------------------------------------------------------------------------------------------------------------------------------------------------------------------------------------------------------------------------------------------------------------------------------------------------------------------------------------------------------------------------------------------------------------------------------------------------------------------------------------------------------------------------------------------------------------------------+----------------------------------------------------------------------------------------------+-------------------------------------+----------------+---------------+---------------------------------------------------------------------------------------------------------------------------------------------------------------------------------------------------------------------------------------------------------------------------------------------------------------------------------------------------------------------------------------------------------------------------------------------------------------------------------------------------------------------------------------------------------------------------------------------------------------------------------------------------------------------------------------------------------------------------------------------------------------------------------------------------------------------------------------------------------------------------------------------------------------------------------------------------------------------------------------------------------------------------------------------------------------------------------------------------------------------------------------------------------------------------------------------------------------------------------------------------------------------------------------------------------------------------------------------------------------------------------------------------------------------------------------------------------------------------------------------------------------------------------------------+
| id     | name                                                                            | degree | requirement                                                                                                                                                                                                                                                                                                                                                                                                                                                                                                                                                                                                                                                                                                                                                                                                                                                                                                                                                                                                                                                      | departmentName                                                                               | workLocation                        | workExperience | effectiveDate | description                                                                                                                                                                                                                                                                                                                                                                                                                                                                                                                                                                                                                                                                                                                                                                                                                                                                                                                                                                                                                                                      |
+--------+---------------------------------------------------------------------------------+--------+-----------------------------------------------------------------------------------------------------------------------------------------------------------------------------------------------------------------------------------------------------------------------------------------------------------------------------------------------------------------------------------------------------------------------------------------------------------------------------------------------------------------------------------------------------------------------------------------------------------------------------------------------------------------------------------------------------------------------------------------------------------------------------------------------------------------------------------------------------------------------------------------------------------------------------------------------------------------------------------------------------------------------------------------------------------------------------------------------------------------------------------------------------------------------------------------------------------------------------------------------------------------------------------------------------------------------------------------------------------------------------------+----------------------------------------------------------------------------------------------+-------------------------------------+----------------+---------------+---------------------------------------------------------------------------------------------------------------------------------------------------------------------------------------------------------------------------------------------------------------------------------------------------------------------------------------------------------------------------------------------------------------------------------------------------------------------------------------------------------------------------------------------------------------------------------------------------------------------------------------------------------------------------------------------------------------------------------------------------------------------------------------------------------------------------------------------------------------------------------------------------------------------------------------------------------------------------------------------------------------------------------------------------------------------------------------------------------------------------------------------------------------------------------------------------------------------------------------------------------------------------------------------------------------------------------------------------------------------------------------------------------------------------------------------------------------------------------------------------------------------------------------------+
|  81031 | 蚂蚁集团-行业策略资深专家-支付宝                                                |  本科   | 1、具备5年以上的互联网经验、策略/产品运营经验、及相关线下渠道业务运营的从业经验；<br/>2、具备较好的产品和运营sense，业务理解和分析能力强，解决方案能力强，具备较强的运营数据分析能 力，并能够结合数据情况得出有效的改进策略；<br/>3、具备良好的沟通协调能力、项目管理能力、团队协作能力、学习能力、创新能力、抗压力，接受base杭州；<br/>4、策略、组织的搭建能力，与不同团队的协作能力.                                                                                                                                                                                                                                                                                                                                                                                                                                                                                                                                                                                                                                                                            | 蚂蚁集团-支付宝事业线-中国区域营运中心-全国区域地网-地网策略与管理中台                       | 杭州                                | 十年以上       | 1607681472000 | 1、 制定策略的能力 ：根据部门业务决策，制定合理的产品节奏对接产品需求、制定有效的运营策略和相关政策，并推动各协同方能够按照既定的时间要求，完成各项任务；<br/>2、提升业务效能的能力：围绕KPI目标，负责业务流程 的SOP打造, 不断优化流程，提升效能，制定一线作业的标准化与管理机制并实施；<br/>3、 业务诊断能力：及时进行业务策略可行性分析和效果复盘，并总结经验和问题，推动改进与优化业务策略；<br/>4、 创 新思维能力：布局业务的长远良性发展，深入分析行业特点和政策导向，牵引技术创新、商业模式创新，并实现创新布局；<br/>5、业务数据分析与商业洞察能力：各层面的业务诊断和把脉能力，体现在能力上是战略方向制定，共性和非共性城市差异性策略的制定和执行能力。                                                                                                                                                                                                                                                                                                                                                                                                     |
|  81815 | 支付宝-数据科学专家/高级/资深专家-商家技术                                      |  硕士   | 1、对大数据以及大数据建模了解，特别是基于云计算平台的大数据的理解与认知，并且有复杂场景下的大数据全链路建设的项目经验；<br/>2、有统计分析算法，机器学习与deep learning的相关算法系 统学习与项目经验，最好有通过算法帮助业务获得增长或拓展业务边界与探索出更多业务可能的经验；<br/>3、有电商领域建立数据闭环，通过数据驱动业务，增长业务成功的项目经验；并且结合人工智能，提升业务效率的经验；<br/>4、有商业sense，并且有要对宏观经验的思考也微观实现的探索；并且有结合自身业 务通过数据探索商业本质的设计与思考；<br/>5、有非常好的逻辑表达与沟通能力，要足够开放，豁达，有好奇心，有热情，有激情，心中有小太阳照亮自已也能照亮别人的人；<br/>6、有工程背景的优先                                                                                                                                                                                                                                                                                                                                                                                                  | 蚂蚁集团-支付宝事业线-支付宝技术部-商家与开放技术部-服务与内容平台技术部                     | 北京,杭州                           | 五年以上       | 1607682156000 | 在海量的服务和内容的基础上，进行面向供给的数字化供给管理运营体系数据能力构建，包括：品类规划、服务质量数据化评估、服务画像等                                                                                                                                                                                                                                                                                                                                                                                                                                                                                                                                                                                                                                                                                                                                                                                                                                                                                                                                     |
|  82343 | 蚂蚁集团-算法专家/高级专家-消费金融-杭州/上海                                   |  本科   | 1、在以下一个或多个领域有扎实的理论技术基础和5年以上相关工作经验，是该领域的资深/高级专家，领域包括但不限于数据挖掘、机器学习、搜索推荐、广告系统、自然语言处理、运筹优化等；<br/>2、具有较强的业务敏感度和学习能力，对公司业务有全局理解和创新思考；同时具有横向协同整合资源，结合业务和技术创新，形成完整的解决方案能力。有互联网、金融领域等行业经验者优先；<br/>3、具有结合大数据与人工智能技术支持业务创新的经验，主导重大项目或课题的立项并落地完整解法取得突出业务成果，对于项目难点攻关有丰富经验。                                                                                                                                                                                                                                                                                                                                                                                                                                                                                                                                                      | 蚂蚁集团-数字金融线-数字金融线技术部-消费金融技术部-风险管理技术部                           | 杭州,上海                           | 五年以上       | 1607682007000 | 从花呗、借呗、互联网银行等金融信用业务出发，打造世界一流的信用风险控制、资金管理、产品转化等多种核心智能能力。                                                                                                                                                                                                                                                                                                                                                                                                                                                                                                                                                                                                                                                                                                                                                                                                                                                                                                                                                   |
|  83975 | 同城零售-采购专家-天猫超市                                                      |  本科   | 1.大学毕业生拥有5年以上采购经验，超过3年采购管理经验<br/>2.有食品、酒水饮料、母婴、个护家清、美妆、日用百货类商品采购经验优先<br/>3.了解品类发展趋势，洞察消费者及渠道需求<br/>4.领导能力强，能出色完成项目交付且有时间管理观念<br/>5.良好的中英文沟通及表达技巧<br/>6.优秀的谈判技巧和处理危机的能力<br/>7.自我激励,能够承受工作压力<br/>8.能够解决问题和敢于做出决定                                                                                                                                                                                                                                                                                                                                                                                                                                                                                                                                                                                                                                                                                           | 阿里集团-同城零售事业群-零售事业部-大食品                                                    | 杭州                                | 五年以上       | 1607681736000 | 1.负责类目的商品规划、采购管理、供应链管理等，为生意结果负责；<br/>2.与品牌深度合作，整合阿里体系资源进行深度谈判 ；<br/>3.供应链优化：通过供应商谈判获得地采&销售渠道的供应链优化，效能提升；<br/>4.利润提升： 通过资源整合、品牌谈判、供应链优化等行为综合提升最终达到利润及效能的最大化提升；<br/>5.供应商 开发及管理：建立采购管理制度及流程并实施；负责供应商资源开发及管理并落实供应商供应目录，建立稳定的供货渠道，可靠的供货链路，定期对供应商进行考核及清理。                                                                                                                                                                                                                                                                                                                                                                                                                                                                                                                                                                                              |
|  84579 | 高德-Android 高级开发工程师/专家-数据研发部                                     |  本科   | 1.本科(含)以上学历，计算机或相关专业。<br/>2.C++开发经验3年以上，能够编写高效规范的C/C++代码, 对标准库、STL容器和算法有深入的了解。<br/>3.实操内存缓存友好、openmp、neon及汇编，熟 悉编译选项及编译优化，能够熟练使用性能profile工具。<br/>4.熟悉Android平台，了解系统机制，掌握NDK，会用CMake等构建工具，有三方库编译裁减经验优先。<br/>5.熟悉移动端多媒体框架和传感器知识，有硬件知识优先。<br/>6.了解深度学习相关知识，掌握一种移动端深度学习算法框架。                                                                                                                                                                                                                                                                                                                                                                                                                                                                                                                                                                                                        | 阿里集团-高德事业群-地图数据业务中心-数据研发部                                              | 北京                                | 五年以上       | 1607681524000 | 1. 参与智能硬件（Android/Linux）平台C/C++应用程序设计开发；<br/>2. 负责图像AI算法在移动端工程化落地，性能极致；<br/>3. 构建移动端算法能力，利用多传感器提升算法和数据的精度；                                                                                                                                                                                                                                                                                                                                                                                                                                                                                                                                                                                                                                                                                                                                                                                                                                                                                    |
|  85499 | 蚂蚁集团-数据库产品经理                                                         |  本科   | 有计算机相关专业/工作经历背景，5年以上相关工作经验优先<br/>有数据库（关系型）产品研发、测试经验优先<br/>有数据库相关产品的产品经理经验优先<br/>熟悉数据库内核结构，功能层次及其对应的商业价值。<br/>具有数据库产品的商业化经验，熟悉传统行业ToB商业模式<br/>有良好的逻辑思维及沟 通能力，自驱、主动、有团队合作意识<br/>灵活应变，有较强的分析能力、善于发现、思考总结，强力推 动能力                                                                                                                                                                                                                                                                                                                                                                                                                                                                                                                                                                                                                                                                              | 蚂蚁集团-OceanBase-产品部                                                                    | 北京,杭州                           | 三年以上       | 1607681740000 | -负责OceanBase数据库的需求调研、规划、定义<br/>-撰写产品设计，需求文档，与研发、测试等合作部门沟通协调，对产品功能进行排期，推进项目顺利进行，参与产品的设计。<br/>-和售前团队沟通协调，推进产品商业化，与运营团队跟进产品运营情况                                                                                                                                                                                                                                                                                                                                                                                                                                                                                                                                                                                                                                                                                                                                                                                                                               |
|  87075 | 搜索事业部-实时消息系统研发工程师/专家-杭州                                     |  本科   | 1、本科及以上学历，硕士博士优先，计算机、数学、电子工程、通信等相关专业；<br/>2、有极佳的工程实现能力，精通C/C++、Java、Python等至少一门编程语言；<br/>3. 具有优秀的分析和解决实际 问题的能力和态度，追求编写优雅的代码，从技术趋势和思路上能影响技术团队<br/>4. 有互联网中间件( 数据、消息、服务等)开发经验者优先                                                                                                                                                                                                                                                                                                                                                                                                                                                                                                                                                                                                                                                                                                                                                 | 阿里集团-新零售智能引擎事业群-搜索推荐事业部-工程技术-引擎平台-Search                        | 杭州                                | 二年以上       | 1607680596000 | 阿里巴巴实时消息系统支持包括淘宝、天猫、菜鸟、优酷乃至海外电商在内整个集团的搜索、推荐、广告、实时计算等业务，同时也支持阿里云的搜索产品。持每秒万亿级别消息读写，提供高可靠、高性能、高伸缩、低延时的服务，支撑电商、金融、物流、文娱、大数据、人工智能告等各种业务场景。                                                                                                                                                                                                                                                                                                                                                                                                                                                                                                                                                                                                                                                                                                                                                                                       |
|  87077 | 搜索推荐事业部-搜索平台研发专家-杭州                                            |  本科   | 1、本科及以上学历，硕士博士优先，计算机、数学、电子工程、通信等相关专业；<br/>2、有极佳的工程实现能力，精通C/C++、Java、Python等至少一门编程语言；<br/>3、良好的数据敏感能力、较强 的逻辑分析能力；<br/>4、熟悉常用机器学习算法，大规模数据处理经验优先。<br/>同时，我们还希望你 ：<br/>1. 学习能力强，对新事物保有好奇心，并能快速适应新环境<br/>2. 良好的沟通能力和团队协同能力；能与他人合作，共同完成目标<br/>3. 对所在领域有热情，相信方法总比困难多，善于独立思考并反思总结                                                                                                                                                                                                                                                                                                                                                                                                                                                                                                                                                                                  | 阿里集团-新零售智能引擎事业群-搜索推荐事业部-工程技术-引擎平台-Search                        | 杭州                                | 三年以上       | 1607680552000 | 团队介绍：阿里巴巴搜索引擎平台支持包括淘宝、天猫、菜鸟、优酷乃至海外电商在内整个集团的搜索业务，同时也负责阿里云的搜索产品。凭着十年的执着与幸运，这个技术体系(AI·OS)构筑了世界上业务规模独一无二的大数据智能业务主战场，其技术集中度与灵活性也在业界也达到了空前的高度。我们的技术团队致力于将大数据检索技术、SQL查询与机器学习深度整合，正在定义大数据AI技术的未来；我们支持各种深度学习网络的灵活拆分 ，支持超TB的模型，驱动异构计算和实时计算的发展，不断追求效率的极致；更重要的是，我们还拥有多项世界领先的算法技术，是阿里巴巴技术驱动商业变革的核心引擎。                                                                                                                                                                                                                                                                                                                                                                                                                                                                                                |
|  87382 | 设计事业部-体验设计专家（偏视觉）-大淘系设计(CCO设计)                           |  本科   | 1.具备3年以上互联网B端产品或SAAS类产品视觉设计工作经验，能够基于项目制定设计目标、设 计策略，推导和制定产品视觉语言，归纳和总结设计规范，并能够协同项目组成员并推动落地；<br/>2.具 备用户价值导向思维，对视觉设计的商业价值及用户价值有自己的理解，同时对于视觉设计有系统化的抽象和整合能力，有制定产品设计系统经验者优先考虑；<br/>3.拥有良好的视觉审美和视觉表现能力，富有创 造力和激情，对设计流行趋势敏锐且具有前瞻性，并能将趋势和设计结合能基于设计目标进行多维度的视觉方案输出和创新设计探索；<br/>4.善于沟通，富有创新力和感染力，有良好的组织能力，能很好的阐述视 觉观点和设计价值，影响业务团队并拿到正向结果。<br/><br/>投递请附作品附件或链接                                                                                                                                                                                                                                                                                                                                                                                                            | 阿里集团-CTO线-设计事业部-大淘系设计-CCO客户服务设计                                         | 杭州                                | 五年以上       | 1607680240000 | 负责以系统化的方式支持SAAS服务操作系统的设计工作，保障业务场景和设计系统的有效衔接，协同业务、技术建设服务领域的设计系统。                                                                                                                                                                                                                                                                                                                                                                                                                                                                                                                                                                                                                                                                                                                                                                                                                                                                                                                                       |
|  88523 | 阿里云智能事业群-飞天云混合云存储管控开发专家-上海/杭州/北京/深圳               |  本科   | 1.后端开发岗位:<br/>   a. 精通Java/go/Python，在多线程等方面有丰富经验<br/>   b. 对分布式系统设计与实现有深刻理解，熟悉常见中间件，如SLB，消息队列，Zookeeper等<br/>2.前端开发岗位<br/>   a. 精通Web前端技术，HTML、CSS、JavaScript等, 对js开发库（jQuery/Mootools/Dojo/YUI/Extjs/Backbone等）有丰富的经验；<br/>   b. 有丰富的关于Web标准、易用性、浏览器端原理以及网站性能等 方面的知识<br/>3. 在云生态技术，包括VMware、HyperV， KVM，OpenStack, HDFS等平台上有开发经验者 优先；<br/>4. 具备存储,灾备或者云平台开发经验，尤其是管理系统、控制台经验者优先；<br/>5. 快速 学习能力，乐于挑战现状，勇于承担责任                                                                                                                                                                                                                                                                                                                                                                                                                                                     | 阿里集团-阿里云智能事业群-阿里云-基础产品事业部-存储                                         | 上海                                | 三年以上       | 1607682855000 | 阿里云智能基础产 品事业部负责基础产品如弹性计算、存储、网络、安全、容器、中间件等产品设计、产品研发和产品业务。<br/><br/>团队介绍：<br/>阿里云混合云团队责基础产品中的混合云存储产品，致力于研发混合云存储， 分布式软件定义存储，灾备以及数据管理产品，依托遍布全球的阿里云基础设施，构筑安全，可靠，高效的混合云存储系统，助力企业客户数字化转型。<br/><br/>职位描述：<br/>混合云存储控制面开发专家将负 责分布式软件定义存储，数据管理产品的研发，日常工作包括但不限于<br/>1. 设计和开发大规模分布式存储的智能管理，监控，运维平台，提供云原生的管理监控功能，保证存储系统安全性和可靠性<br/>2. 测试，调优和运维大规模公共云服务和分布式存储系统<br/>3. 保持前瞻性, 随着业务复杂性, 负载增加, 运行管理复杂性的增加, 持续的推动系统设计的重构                                                                                                                                                                                                                                                                                                                       |
|  88524 | 阿里云智能事业群-飞天云混合云存储数据面开发专家-上海/杭州/北京/深圳             |  本科   | 1. 精通Linux或者windows操作系统，精通至少一种开发语言，C++，Java，Golang。 <br/>2. 4 年以上企业级系统软件开发经验，如：操作系统，驱动程序，存储系统，数据库系统，分布式系统等大规模系统软件开发经验或者文件备份，数据库备份，虚拟机备份，VTL备份等系统开发经验，有分布式存储系统 和备份软件开发的经验优先；<br/>3. 如果有下列任一系统或者协议的开发经验优先：OpenStack/S3/Swift/Ceph/Gluster/Lustre/SMB/NFS/ZFS<br/>4. 严谨的程序开发态度，代码稳定可靠，敏锐的洞察力和超强的分析与解决复杂问题的能力；<br/>5. 良好的沟通能力和团队合作精神，有一定的组织协调能力和决策能力。                                                                                                                                                                                                                                                                                                                                                                                                                                                                                      | 阿里集团-阿里云智能事业群-阿里云-基础产品事业部-存储                                         | 上海                                | 三年以上       | 1607682751000 | 阿里云智能基础产品事业部负责基础产品如弹性计算、存储、网络、安全、容器、中间件等产品设计、产品研发和产品业务。<br/><br/>团队介绍：<br/>阿里云混合云团队责基础产品中的混合云存储产品，致力于研发混合云存储，分 布式软件定义存储，灾备以及数据管理产品，依托遍布全球的阿里云基础设施，构筑安全，可靠，高效的混合云存储系统，助力企业客户数字化转型。<br/><br/>职位描述：<br/>候选人将负责公有云存储产品，分 布式软件定义存储，数据管理产品的研发，日常工作包括但不限于：<br/>1. 设计和开发大规模分布式存储提供弹性按需扩展块/文件/对象存储能力。<br/>2. 设计和开发大规模数据管理产品服务，提供智能数据管理和备份服务。<br/>3. 测试，调优和运维大规模公共云服务和分布式存储系统。<br/>4. 保持前瞻性, 随着业务复杂性, 负载增加, 运行管理复杂性的增加, 持续的推动系统设计的重构。                                                                                                                                                                                                                                                                                       |
|  88525 | 阿里云智能事业群-飞天云混合云存储测试和交付技术专家/高级技术专家-杭州/上海/北京 |  本科   | 1. 3年以上工作经验,有中大型软件的软件工程经验，精通中大型产品测试方法，能基于产品规格和内部原理，设计测试方案和测试标准;<br/>2. 对传统企业IT架构有深刻理解，能够从基础架构和应用等 不同层面分解客户需求，设计方案，并能够做到端到端的定量分析和方案评估;<br/>3. 熟悉Linux，熟悉至少一种高级语言（C++/Java/golang/Shell/Python/Ruby/Perl）;<br/>4. 有企业传统IT架构，包括服务器 硬件、虚拟化、存储阵列、企业级数据库、灾备、容器的开发、测试、实施经验者优先;<br/>5. 有自动化 测试工具框架系统开发经验者优先;<br/>6. 有云计算，高性能计算和大数据行业经验者优先;<br/>7. 具备较强的的团队内外沟通，协作能力和解决客户问题的能力；<br/>8. 个性乐观开朗，逻辑性强，思路活跃，乐于合作;                                                                                                                                                                                                                                                                                                                                                                                  | 阿里集团-阿里云智能事业群-阿里云-基础产品事业部-存储                                         | 杭州                                | 三年以上       | 1607682820000 | 阿里云智能基础产 品事业部负责基础产品如弹性计算、存储、网络、安全、容器、中间件等产品设计、产品研发和产品业务。<br/><br/>混合云存储团队的核心任务是为企业用户研发一整套全面支持各类基础架构和应用的兼具稳定，高效，云级扩展能力的存储，备份，容灾，数据管理服务。<br/><br/>工作要求包括但不限于：<br/>1. 同时开发专有云上的软硬件系统与阿里云公共云上的服务；<br/>2. 设计与实现全面覆盖企业工作负载，包括传统企业应用，云原生应用，大数据系统的服务功能；<br/>3. 优化服务能力，确保达到严苛的企业级SLA 要求；<br/><br/>岗位职责：<br/>1. 熟悉混合云存储和传统线下存储产品线的功能，性能和可扩展性等指标，理解产品设计和实现细节，以高效的工程方法测试和优化产品能力；<br/>2. 熟悉客户IT架构和洞悉实际需求，结合阿里云服务和混合云存储产品线的特性，为客户设计、验证和实施整体解决方案；<br/>3. 分析竞品及友商产品，积极反馈测试结果和客户需求，为业务的开展提供火力支援，为产品线的开发决策提供支撑；                                                                                                                                                              |
|  88526 | 阿里云智能事业群-C++技术专家/高级专家（开放平台）-杭州/北京                     |  本科   | 1. 具备扎实的C++编程基础，有3年以上高并发服务端研发经验<br/>2. 熟悉网络编程，熟悉MySQL等关系型数据库的应用和原理<br/>3. 有分布式系统研发经验、安全工作经验者优先<br/>4. 喜欢去尝试 新技术，追求编写优雅的代码，从技术趋势和思路上能影响技术团队；<br/>5. 熟练掌握Linux下的常用命 令，常用的脚本语言；<br/>6. 有云计算业务背景或信息安全领域经验者优先。                                                                                                                                                                                                                                                                                                                                                                                                                                                                                                                                                                                                                                                                                                            | 阿里集团-阿里云智能事业群-阿里云-基础产品事业部-开放平台-企业IT治理                          | 杭州                                | 三年以上       | 1607680124000 | 我们是阿里云开放平台-企业IT治理团队，负责阿里云身份、权限、资源等横向基础设施架构的「设计」和「研发」，确保阿里 云平台为客户提供高效、安全、可信的云计算管理能力，是阿里云被集成和2B战略的基石。<br/>    「企 业IT治理团队」负责的产品和服务包括：<br/>    1. 阿里云身份管理服务(即RAM子用户)：负责阿里云身 份模型设计与研发；在公有云和混合云场景下为提供平台身份管理能力和解决方案；<br/>    2. 阿里云授权管理服务(即RAM授权管理)，负责授权系统的设计与研发；为提供灵活、可扩展、高性能的鉴权平台；每 天为阿里云超过数百款产品和服务提供「数万亿次」鉴权；<br/>    3. 阿里云访问密钥服务(AccessKey) ，设计阿里云API认证协议，实现阿里云认证基础服务，每天支撑阿里云数万亿次认证需求；<br/>    4.  阿里云资源管理服务(ResourceManager), 包括资源组(ResourceGroup), 资源目录(ResourceDirectory/Organizations), 通过设计并实现产品化的资源管理服务，为企业客户提供一揽子云上资源管理能力和解决方 案；<br/>    5. 阿里云资源元数据服务(ResourceMetaCenter)：为企业客户构建阿里云平台权威的资源元数据中心，使企业客户可以从业务视角管理和盘点资源，是企业在云上的CMDB；<br/>同样写一段代码，你 希望每天run一万次，还是数万亿次？是服务数千客户，还是和我们一样直接服务数百万客户，间接服务数 十亿客户？<br/>我们真诚欢迎「对技术有追求」、「期望在专业领域获得成长」的工程师加入我们。 |
|  88528 | 阿里云智能事业群-神龙异构智能资深研发专家-杭州/上海/北京                        |  本科   | 1.  对异构加速的场景有自己的见解，对异构加速器云化行业发展有洞察力，能够规划相应的长 期技术路线并带领团队执行并落地技术规划。<br/>  2.  六年以上的经验并熟练掌握主流AI计算框架(TensorFlow/MxNet/PyTorch/Caffe等)性能优化，掌握深度学习模型、机器学习模型优化的经验；曾经在生产环 境产品化落地相应的优化的成果，并大规模应用。<br/>  3.  六年以上的Hadoop/Spark/Flink/HBase/Hive性能优化，熟练掌握大数据处理、流式计算的优化，有大规模落地应用的成果优先。<br/>  4.  六年以上 调优经验精通针对Nvidia GPU/Intel Xeon/ARM等计算平台的计算性能优化，熟练掌握针对深度学习、机器 学习、大数据性能优化并有大规模应用的经历优先。<br/>  5.  六年以上Linux，Windows系统、内核驱动 开发和调试经验。<br/>  6.  六年以上业界比较流行的显卡虚拟化技术，对Nvidia/AMD/Intel等GPU技术之一的实际工程经验。<br/>  7.  有异构加速器云化服务，产品设计经历的优先。<br/>  8.  熟悉或了解Xen, KVM等虚拟化技术的优先。<br/>  9.  Linux C/C++/Python/Java/Scala编程经验，对程序架构和数据结构有深入理解。<br/>  10.  精通TCP/IP 网络编程，熟悉RDMA等高性能网络技术，有网络性能调优经验者 优先，对分布式计算领域有丰富的理论和实践经验的优先。<br/>  11.  有利用GPU进行特定领域的加速： 深度学习、机器学习、音视频处理、渲染、远程CAD设计等场景的优先。<br/>  12.  具有很强的上进心和 结果导向，具有很强的解决问题、团队协作能力的优先。<br/>  13.  具有很强的分析问题和快速解决问题的能力，善于学习新技术的优先。 | 阿里集团-阿里云智能事业群-阿里云-基础产品事业部-神龙计算平台-异构&加速计算                   | 北京                                | 六年以上       | 1607681606000 | 神龙计算平台的异构与智能计算组，担负着整个阿里云的异构加速器云化产品的基础研发责任 ，在IaaS和IaaS+层面为阿里云的异构计算的布局奠定坚实的产品和技术基础，满足在大计算业务场景(包括人工智能、机器学习、高性能计算等)下对超强算力和业务性能优化的需求，围绕软硬一体和云上大规模计 算布局打造核心竞争力，全面支持公共云、专有云、混合云、边缘云等所有的云形态，形成依托昊天(GPU) 平台，舜天(FPGA FaaS)平台和面向AI、大数据场景性能优化的擎天(AIACC)平台的三位一体的产品和技术研发体系！<br/><br/>岗位职责：<br/><br/>1. 负责落地阿里云异构加速器(包括不限于GPU,、FPGA、NPU等)智能计算在云上服务的竞争力构建，长期技术路线图的规划。<br/>2. 负责基于阿里云异构智能计算的飞天AI云加速和大数据云加速引擎的整体架构设计，带领团队系统的挖掘深度学习训练和推理场景，机器学习场景、大数据场景的异构计算器的加速能力。<br/>3. 基于异构智能计算平台，针对深度学习、机器学习、大数据处理，或者音视频处理、渲染、远程CAD设计等场景在云上提供解决方案，并进行性能或者算法调优。<br/>4. 作为技术的接口人，定义并规划异构智能与阿里云其他云产品对接，并能带领团队持续优化和维护 。<br/>5. 与异构加速器厂商合作，负责定义、开发和落地符合阿里云安全隔离、性能和通用化要求的异构虚拟化技术。 |
|  88542 | 阿里云智能事业群-飞天云存储研发专家/高级专家(Linux/C/C++)-北京/杭州/上海        |  本科   | 1. 5年以上系统软件，如操作系统，存储系统，数据库系统，分布式系统等大规模系统软件开发 经验；<br/>2. 精通Linux下c++语言，精通至少一门脚本语言，如shell，python等；<br/>3. 严谨的程序 开发态度，代码稳定可靠；<br/>4. 对存储系统，文件系统等有深入理解。对存储领域的新技术；<br/>5. 敏锐的洞察力和超强的分析与解决复杂问题的能力；<br/>6. 良好的沟通能力和团队合作精神，有一定的组织协调能力和决策能力；<br/>7. 有在充满变化的环境下克服困难达成目的的能力和决心。<br/>工作地点 ：北京/杭州                                                                                                                                                                                                                                                                                                                                                                                                                                                                                                                                                                            | 阿里集团-阿里云智能事业群-阿里云-基础产品事业部-存储                                         | 杭州                                | 五年以上       | 1607682074000 | 阿里云智能基础产 品事业部负责基础产品如弹性计算、存储、网络、安全、容器、中间件等产品的研发。<br/>存储团队负责 研发盘古统一存储平台，支撑云存储，数据库，大计算，搜索等产品和服务。同时存储团队也负责研发块存储，对象存储、文件存储和表格存储等多种云产品和服务。<br/><br/>候选人将工作在下面的一个或多个领域：<br/><br/>1. 基于新型存储介质如 NVMe SSD 的文件系统；或者<br/>2. 云存储对象存储，块存储， 文件存储的开发；或者<br/>3. 基于K-V系统的存储索引系统；或者<br/>4. 分布式系统的多副本一致性协 议；或者<br/>5. 分布式元数据管理；或者<br/>6. 智能数据分布和设备管理等。                                                                                                                                                                                                                                                                                                                                                                                                                                                                                      |
|  88543 | 阿里云智能事业群-飞天云智能存储技术专家/架构师-北京/杭州                        |  本科   | 1. 5 年以上 Linux 平台下服务端开发经验，有大型服务端项目开发背景者优先；<br/>2. 能使 用 Go、C++、Java 等至少一种语言完成大型项目开发，熟悉 Go 或有全栈能力加分（包括前端、node.js），具有良好的编码习惯；<br/>3. 具备较好的面向对象设计思想，熟悉高并发、分布式设计； <br/>4. 熟 悉对象存储、表格存储、k8s 等云服务和框架优先； <br/>5. 具备大规模分布式系统、并行文件系统或数 据处理等存储系统构建经验的优先； <br/>6. 快速学习能力，良好的发现并解决问题能力，对问题愿意追 根究底；<br/>7.  有 AI 相关经验加分，有图像处理、视觉、视频、音频、NLP 等相关 AI 领域经验优先 。<br/>工作地点：北京/杭州                                                                                                                                                                                                                                                                                                                                                                                                                                                                 | 阿里集团-阿里云智能事业群-阿里云-基础产品事业部-存储                                         | 北京                                | 五年以上       | 1607682784000 | 阿里云智能基础 产品事业部负责基础产品如弹性计算、存储、网络、安全、容器、中间件等产品的研发。<br/>智能存储团 队是阿里云对象存储、文件存储、块存储、数据库等数据服务之上，在离数据最近的地方，将数据变成信息，为SaaS提供商提供普惠的智能技术。对这个创新性的领域，我们在应对海量的视频、图片、音频、基因、渲染等多种数据进行分析处理时，高效、准确的信息抽取；数据管理与检索等多个方面都遇到巨大挑战，欢迎对这方面感兴趣的同学加入，一同打造巅峰性的产品。<br/><br/>岗位职责：<br/>1. 基于阿里云存储的海量图片、视频、音频、文档等媒体资源，整合 AI 能力（识别、检索、归类），为客户提供超大规模高可靠性、分布式、低成本、高并发能力的应用服务。<br/>2. 深入接触存储与 AI 在各行业客户中的实际应用中的场景，为打造真正普惠、实用的 AI 能力。<br/>3. 进行架构设计规划，并进行实现。主要应用 Go 语言。                                                                                                                                                                                                                                                                |
|  88552 | 阿里云智能事业群-密码平台研发专家/高级专家-杭州/北京                            |  本科   | 必选项<br/>1.   熟悉Golang、Java或C++等至少一种面向对象编程语言；会Golang者优先；<br/>2.   服务端编程基础扎实，理解IO、多线程、并发、缓存等基础分布式概念和技术；<br/>3.   掌握Linux 操作系统、脚本语言、大型数据库（Oracle、MySql）知识。<br/> <br/>加分项<br/>1.   具有以下密码应用或理论知识者优先<br/>  a.   熟悉对称、非对称密码体系<br/>  b.   熟悉身份认证技术和协议<br/>  c.   熟悉可信计算TEE技术<br/>2.   能无障碍的阅读英文技术文档，有较好的英语交流能力者优先<br/>3.   有志于云计算领域工作，有良好的团队协作和奉献精神<br/>工作地点：杭州/北京                                                                                                                                                                                                                                                                                                                                                                                                                                                                                                     | 阿里集团-阿里云智能事业群-阿里云-基础产品事业部-云安全-密码平台                              | 北京                                | 四年以上       | 1607682006000 | 阿里云智能事业群-云 安全团队是阿里云飞天平台（阿里云自主研发大规模云计算操作系统）的核心，在全球超过19 个地域及52 个可用区，构建高等级的安全基础设施，同时提供业内最丰富的安全产品及解决方案，为云上企业资产保驾护航。<br/> <br/>云安全-智能密码团队立志于建设世界一流的服务平台，为阿里云用户和云产品提供安全、合规、高可靠、高可用、高性能的密码能力，通过丰富的产品形态赋能全方位、多层次的密码应用场景，成为云上系统数据和业务数据安全保护的技术基石；还可以作为企业PKI体系、身份认证、数据分级、DRM、区块链等各种业务系统的基础模块。<br/><br/>岗位职责：<br/>1.   参与阿里云智能密码平台高可用、高可靠、高性能工程构架的设计和研发；<br/>2.   参与阿里云智能密码平台密码技术的设计和研发；<br/>3.   通过对云计算和云操作系统各组成部分的理解，参与云产品原生集成密码平台的架构设计和研发；<br/>4.   通过与国内外密码硬件厂商合作，定义和设计符合云安全隔离、性能、高可用和通用化要求的密码虚拟化技术；<br/>5.   技术预研和技术难点攻关，在业务超高速发展下，保障核心系统的高可用性、高稳定性、和性能可扩展。                                                 |
|  88553 | 阿里云智能事业群-飞天云存储项目管理专家/高级专家-北京/杭州                      |  本科   | 1.本科学历及以上，计算机相关专业背景；<br/>2.7年以上项目管理经验，有独立管理大型跨团 队项目及并发项目管理的实际操作经验，在IBM、HP、EMC、华为、中兴等大型公司项目管理任职经验者优先；<br/>3.熟悉项目管理领域知识，有主导跨业务线的复杂项目的经历，具备独立项目全过程管理的能力， 对整个项目的目标、进度和质量进行有效控制，善于寻求资源解决问题；<br/>4.具备一定的产品研发经验 ，对产品研发体系和环境有全局的理解和分析能力，能够持续引导团队进行项目研发质量效能提升，有云服务、PaaS等相关项目经验者优先，有商业合同履约交付项目管理及生态合作伙伴管理经验者优先；<br/>5. 有开发、测试、运维等专业技术背景，对云产品技术架构原理深入者，有从事产品效能和研发能效工作者优先；<br/>6.具备PMP或其他国家认可项目管理方面认证资质者优先。<br/>工作地点：北京/杭州                                                                                                                                                                                                                                                                                                        | 阿里集团-阿里云智能事业群-阿里云-基础产品事业部-存储                                         | 杭州                                | 七年以上       | 1607682913000 | 部门介绍：<br/> 阿里云智能基础产品事业部负责基础产品如弹性计算、存储、网络、安全、容器、中间件等产品的研发。<br/>存储团队负责研发盘古统一存储平台，支撑云存储，数据库，大计算，搜索等产品和服务。同时存储团 队也负责研发块存储，对象存储、文件存储和表格存储等多种云产品和服务。<br/>存储PMO团队负责存储的战略项目落地，成本优化和产品组织效能工作。<br/><br/>岗位职责：<br/>1.负责存储的战略和研发项目 管理，负责重大业务项目/项目群的全过程项目管理工作，从项目筹备、需求分析、项目规划、过程实施、 结果验收等全过程；<br/>2.有效协调干系人并管理期望值，确保项目有序推进，及时发现并跟踪解决项目 问题，有效管理项目风险，协调项目资源，保证目标能够按预期实现落地；<br/>3.理解并贯彻长期和中短 期的方针与策略，负责事业群战略目标执行运营及战略目标达成；<br/>4.负责存储产品的成本管理和成本 分析，推动成本持续优化；<br/>5.负责存储的研发效能、产品效能、组织效能等维度建立度量体系，报表 机制，跟踪核心KPI的达成，推进研发效能、产品效能、组织效能的持续改进。                                                                                                      |
|  88561 | 阿里云智能事业群-飞天云智能存储-移动端技术专家/架构师        -北京/杭州                | 本科   | 1. 5年以上客户端开发经验，有丰富的客户端应用开发经验，可以独立承担架构设计，并 主导项目；<br/>2. 精通客户端Framework层，有通过源码阅读定位问题的经验，对业界较流行的开源库的 实现方案有较为深刻的理解；<br/>3. 精通客户端调试工具和方法，可以应付客户端的复杂问题；<br/>4. 在客户端的UI，性能，可用性等方面有优化经验；<br/>5. 有持续学习提高的能力，在某个无线技术领域有自己的研究方向，有一定的创新研究和应用成果；<br/>6. 在Native & Web融合维度有一定经验（如Hybird、Webview等）优先；<br/>7. 在客户端网盘开发经验优先；<br/>8. Android和iOS两个平台都有研发经验 优先                                                                                                                                                                                                                                                                                                                                                                                                                                                                                           | 阿里集团-阿里云智能事业群-阿里云-基础产品事业部-存储                                         | 北京                                | 五年以上       | 1607682559000 | 阿里云智能 基础产品事业部负责基础产品如弹性计算、存储、网络、安全、容器、中间件等产品的研发。<br/>智能存 储团队是阿里云对象存储、文件存储、块存储、数据库等数据服务之上，在离数据最近的地方，将数据变成信息，为SaaS提供商提供普惠的智能技术。对这个创新性的领域，我们在应对海量的视频、图片、音频、基因、渲染等多种数据进行分析处理时，高效、准确的信息抽取；数据管理与检索等多个方面都遇到巨大挑战，欢迎对这方面感兴趣的同学加入，一同打造巅峰性的产品。<br/><br/>岗位职责：<br/>1. 客户端业务架构设计，快速打造具备高扩展能力和动态化能力的独立APP ；<br/>2. 带领团队围绕研发生命周期进行系统性的改进，为客户端提供业界一流的性能与稳定性体验；<br/>3. 制定研发规范，保证客户端团队代码质量，降低沟通成本；<br/>4. 配合产品运营部门，用新技术支撑新的业务形态。                                                                                                                                                                                                                                                                                                  |
|  88599 | 阿里云智能事业群-飞天云存储高性能网络高级技术专家-杭州/北京                     |  本科   | 1. 扎实的计算机体系结构和操作系统方面的基础，有丰富的代码开发经验；<br/>2. 精通高性能、高并发的编程技术，有丰富的性能调优经验；<br/>3. 有丰富的高性能网络领域的研究或工作经历，能够洞察业界技术及产品发展方向，带领团队进行技术创新及攻坚，实现业务价值；<br/>4. 有用户态协议栈、RDMA、TOE、smartnic，及相关的软硬件结合的经验优先；<br/>5. 有开发和调优4层及以上的网络协议（TCP/MPTCP/QUIC/HTTP2.0等）的经验优先；<br/>6. 有开发和维护通用RPC框架的经验，及熟悉常见的gpc、brpc、dubbo优先；<br/>7. 有开发和优化linux内核网络协议栈或网络设备驱动的经验优先；<br/>8. 熟悉高性能框架如DPDK、netmap、bpf等，有相关开发经验优先；                                                                                                                                                                                                                                                                                                                                                                                                                                   | 阿里集团-阿里云智能事业群-阿里云-基础产品事业部-存储-存储基础技术-夸父                       | 杭州                                | 五年以上       | 1607682496000 | 阿里云智能基础产品事业部负责基础产品如弹性计算、存储、网络、安全、容器、中间件等产品的研发。     <br/>阿里云块存储团队，负责阿里云块存储产品的运营和技术研发工作，专注于虚拟化存储技术，存储网络技术，分布式存储技术，数据平台等多个技术领域的耕耘， 产品形态包括 ESSD 云盘, SSD 云盘, 高效云盘，本地盘，共享 盘，快照，动态迁移等多种产品形态， 服务百万用户，其中研发的 ESSD 云盘，在公有云市场上首次突破 了单盘 100 万 IOPS，远超全球友商。 目前块存储业务无论是营收，用户数、数据量、机器规模在国内遥 遥领先，随着云计算的深入发展，大量的企业上云，这个趋势还在不断增强。<br/><br/>岗位职责：<br/>1.  负责带领团队，主导下一代高效稳定的存储网络技术的发展，包括高性能网络协议、IO框架、及RPC框架的设计和实现;<br/>2.  负责统筹网络全链路，建设网络框架监控、智能运维体系，保障网络高性能的同时，兼顾可控和可靠;<br/>3.  关注业界和学术界的技术发展趋势，参与重要的架构演进，为业务3-5年的发 展提出技术演进思路;                                                                                                                                                |
|  88601 | 阿里云智能事业群-企业IT治理Java技术专家/高级专家-杭州/北京                      |  本科   | 1. Java基础扎实，理解IO、多线程、集合等基础框架，对JVM原理有一定的了解；<br/>2. 3年及以上使用Java开发的经验，对于你用过的开源框架，能了解到它的原理和机制；对Spring,iBatis等开源框 架熟悉；<br/>3. 熟悉分布式系统的设计和应用，熟悉分布式、缓存、消息等机制；能对分布式常用技术进行合理的应用，解决实际问题；<br/>4. 掌握多线程及高性能的设计与编码及性能调优；有高并发应用开发经验优先；<br/>5. 掌握Linux 操作系统、拥有数据库基本调优经验最佳（Oracle、MySQL）；<br/>6. 喜 欢去尝试新技术，追求编写优雅的代码，从技术趋势和思路上能影响技术团队；<br/>7. 熟练掌握Linux下 的常用命令，常用的脚本语言；<br/>8. 有云计算业务背景或信息安全领域经验者优先。                                                                                                                                                                                                                                                                                                                                                                                                           | 阿里集团-阿里云智能事业群-阿里云-基础产品事业部-开放平台-企业IT治理                          | 杭州                                | 三年以上     C -- query aborted
   | 1607680059000 | 我们是阿里云开放平台-企业IT治理团队，负责阿里云身份、权限、资源等横向基础设施架构的「设计」和「研发」，确保阿里云平台为客户提供高效、安全、可信的云计算管理能力，是阿里云被集成和2B战略的基石。<br/>    「企业IT治理团队」负责的产品和服务包括：<br/>    1. 阿里云身 份管理服务(即RAM子用户)：负责阿里云身份模型设计与研发；在公有云和混合云场景下为提供平台身份管 理能力和解决方案；<br/>    2. 阿里云授权管理服务(即RAM授权管理)，负责授权系统的设计与研发；为 提供灵活、可扩展、高性能的鉴权平台；每天为阿里云超过数百款产品和服务提供「数万亿次」鉴权；<br/>    3. 阿里云访问密钥服务(AccessKey)，设计阿里云API认证协议，实现阿里云认证基础服务，每天支撑阿里云数万亿次认证需求；<br/>    4. 阿里云资源管理服务(ResourceManager), 包括资源组(ResourceGroup), 资源目录(ResourceDirectory/Organizations), 通过设计并实现产品化的资源管理服务，为企业客 户提供一揽子云上资源管理能力和解决方案；<br/>    5. 阿里云资源元数据服务(ResourceMetaCenter)：为企业客户构建阿里云平台权威的资源元数据中心，使企业客户可以从业务视角管理和盘点资源，是企业在云上的CMDB；<br/>同样写一段代码，你希望每天run一万次，还是数万亿次？是服务数千客户，还是和我们一样直接服务数百万客户，间接服务数十亿客户？<br/>我们真诚欢迎「对技术有追求」、「期望在专业领 域获得成长」的工程师加入我们。 |
+--------+---------------------------------------------------------------------------------+--------+-----------------------------------------------------------------------------------------------------------------------------------------------------------------------------------------------------------------------------------------------------------------------------------------------------------------------------------------------------------------------------------------------------------------------------------------------------------------------------------------------------------------------------------------------------------------------------------------------------------------------------------------------------------------------------------------------------------------------------------------------------------------------------------------------------------------------------------------------------------------------------------------------------------------------------------------------------------------------------------------------------------------------------------------------------------------------------------------------------------------------------------------------------------------------------------------------------------------------------------------------------------------------------------------------------------------------------------------------------------------------------------+----------------------------------------------------------------------------------------------+-------------------------------------+----------------+---------------+---------------------------------------------------------------------------------------------------------------------------------------------------------------------------------------------------------------------------------------------------------------------------------------------------------------------------------------------------------------------------------------------------------------------------------------------------------------------------------------------------------------------------------------------------------------------------------------------------------------------------------------------------------------------------------------------------------------------------------------------------------------------------------------------------------------------------------------------------------------------------------------------------------------------------------------------------------------------------------------------------------------------------------------------------------------------------------------------------------------------------------------------------------------------------------------------------------------------------------------------------------------------------------------------------------------------------------------------------------------------------------------------------------------------------------------------------------------------------------------------------------------------------------------------+
100 rows in set (0.04 sec)

mysql> ^C
mysql> ^C
mysql> select * from alijob limit 5;
+-------+-----------------------------------------------+--------+-----------------------------------------------------------------------------------------------------------------------------------------------------------------------------------------------------------------------------------------------------------------------------------------------------------------------------------------------------------------------------------------------------------------------------------------------------------------------------------------------------------------------------------------------------------------------------------------------------------------------------------------------------------------+--------------------------------------------------------------------------+--------------+----------------+---------------+--------------------------------------------------------------------------------------------------------------------------------------------------------------------------------------------------------------------------------------------------------------------------------------------------------------------------------------------------------------------------------------------------------------------------------------------------------------------------------------------------------------------------------------------------------------------------------------------------------------------------------------------------------------+
| id    | name                                          | degree | requirement                                                                                                                                                                                                                                                                                                                                                                                                                                                                                                                                                                                                                                                     | departmentName                                                           | workLocation | workExperience | effectiveDate | description                                                                                                                                                                                                                                                                                                                                                                                                                                                                                                                                                                                                                                                  |
+-------+-----------------------------------------------+--------+-----------------------------------------------------------------------------------------------------------------------------------------------------------------------------------------------------------------------------------------------------------------------------------------------------------------------------------------------------------------------------------------------------------------------------------------------------------------------------------------------------------------------------------------------------------------------------------------------------------------------------------------------------------------+--------------------------------------------------------------------------+--------------+----------------+---------------+--------------------------------------------------------------------------------------------------------------------------------------------------------------------------------------------------------------------------------------------------------------------------------------------------------------------------------------------------------------------------------------------------------------------------------------------------------------------------------------------------------------------------------------------------------------------------------------------------------------------------------------------------------------+
| 81031 | 蚂蚁集团-行业策略资深专家-支付宝              | 本科   | 1、具备5年以上的互联网经验 、策略/产品运营经验、及相关线下渠道业务运营的从业经验；<br/>2、具备较好的产品和运营sense，业务理解和分析能力强，解决方案能力强，具备较强的运营数据分析能力，并能够结合数据情况得出有效的改进策略；<br/>3、具备良好的沟通协调能力、项目管理能力、团队协作能力、学习能力、创新能力、抗压力，接受base杭州；<br/>4、策略、组织的搭建能力，与不同团队的协作能力.                                                                                                                                                                                                                                                                           | 蚂蚁集团-支付宝事业线-中国区域营运中心-全 国区域地网-地网策略与管理中台   | 杭州         | 十年以上       | 1607681472000 | 1、 制定策略的能力：根据部门业务决策，制定合理的产品节奏对接产品需求、制定有效的运营策略和相关政策，并推动各协同方能够按照既定的时间要求，完成各项任务；<br/>2、提升业务效能的能力：围绕KPI目标，负责业 务流程的SOP打造, 不断优化流程，提升效能，制定一线作业的标准化与管理机制并实施；<br/>3、 业务诊断能力：及时进行业务策略可行性分析和效果复盘，并总结经验和问题，推动改进与优化业务策略；<br/>4、 创新思维能力：布局业务的长远良性发展，深入分析行业特点和政策导向，牵引技术创新、商业模式创 新，并实现创新布局；<br/>5、业务数据分析与商业洞察能力：各层面的业务诊断和把脉能力，体现在能力上是战略方向制定，共性和非共性城市差异性策略的制定和执行能力。 |
| 81815 | 支付宝-数据科学专家/高级/资深专家-商家技术    | 硕士   | 1、对大数据以及大数据建模了解，特别是基于云计算平台的大数据的理解与认知，并且有复杂场景下的大数据全链路建设的项目经验；<br/>2、有统计分析算法，机器学习与deep learning的相关算法系统学习与项目经验，最好有通过算法帮助 业务获得增长或拓展业务边界与探索出更多业务可能的经验；<br/>3、有电商领域建立数据闭环，通过数据驱动业务，增长业务成功的项目经验；并且结合人工智能，提升业务效率的经验；<br/>4、有商业sense， 并且有要对宏观经验的思考也微观实现的探索；并且有结合自身业务通过数据探索商业本质的设计与思考；<br/>5、有非常好的逻辑表达与沟通能力，要足够开放，豁达，有好奇心，有热情，有激情，心中有小太阳照亮自已也能照亮别人的人；<br/>6、有工程背景的优先 | 蚂蚁集团-支付宝事业线-支付宝技术部-商家与开放技术部-服务与内容平台技术部 | 北京,杭州    | 五年以上       | 1607682156000 | 在海量的服务和内容的基础上，进行面向供给的数字化供给管理运营体系数据能力构建，包括：品类规划、服务质量数据化评估、服务画像等                                                                                                                                                                                                                                                                                                                                                                                                                                                                                                                                 |
| 82343 | 蚂蚁集团-算法专家/高级专家-消费金融-杭州/上海 | 本科   | 1、在以下一个或多个领域有扎实的理论技术基础和5年以上相关工作经验，是该领域的资深/高级专家，领域包括但不限于数据挖掘、机器学习、搜索推荐、广告系统、自然语言处理、运筹优化等；<br/>2、具有较强的业务敏感度和学习能力，对公司业务有全局理解和创新思考；同时具有横向协同整合资源，结合业务和技术创新，形成完整的解决方案能力。有互联网、金融领域等行业经验者优先；<br/>3、具有结合大数据与人工智能技术支持业务创新的经验，主导重大项目或课题的立项并落地完整解法取得突出业务成果，对于项目难点攻关有丰富经验。                                                                                                                                                     | 蚂蚁集团-数字金融线-数字金融线技术部-消费金融技术部-风险管理技术部       | 杭州,上海    | 五年以上       | 1607682007000 | 从花呗、借呗、互联网银行等金融信用业务出发，打造世界一流的信用风险控制、资金管理、产品转化等多种核心智能能力。                                                                                                                                                                                                                                                                                                                                                                                                                                                                                                                                               |
| 83975 | 同城零售-采购专家-天猫超市                    | 本科   | 1.大学毕业生拥有5年以上采购经验，超过3年采购管理经验<br/>2.有食品、酒水饮料、母婴、个护家清、美妆、日用百货类商品采购经验优先<br/>3.了解品类发展趋势，洞察消费者及渠道需求<br/>4.领导能力强，能出色完成项目交付且有时间管理观念<br/>5.良好的中英文沟通及表达技巧<br/>6.优秀的谈判技巧和处理危机的能力<br/>7.自我激励,能够承受工作压力<br/>8.能够解决问题和敢于做出决定                                                                                                                                                                                                                                                                                          | 阿里集团-同城零售事业群-零售事业部-大食品                                | 杭州         | 五年以上       | 1607681736000 | 1.负责类目的商品规划、采购管理、供应链管理等，为生意结果负责；<br/>2.与品牌深度合作，整合阿里体系资源进行深 度谈判；<br/>3.供应链优化：通过供应商谈判获得地采&销售渠道的供应链优化，效能提升；<br/>4.利润 提升：通过资源整合、品牌谈判、供应链优化等行为综合提升最终达到利润及效能的最大化提升；<br/>5. 供应商开发及管理：建立采购管理制度及流程并实施；负责供应商资源开发及管理并落实供应商供应目录，建立稳定的供货渠道，可靠的供货链路，定期对供应商进行考核及清理。                                                                                                                                                                                          |
| 84579 | 高德-Android 高级开发工程师/专家-数据研发部   | 本科   | 1.本科(含)以上学历，计算机 或相关专业。<br/>2.C++开发经验3年以上，能够编写高效规范的C/C++代码, 对标准库、STL容器和算法有 深入的了解。<br/>3.实操内存缓存友好、openmp、neon及汇编，熟悉编译选项及编译优化，能够熟练使用 性能profile工具。<br/>4.熟悉Android平台，了解系统机制，掌握NDK，会用CMake等构建工具，有三方库 编译裁减经验优先。<br/>5.熟悉移动端多媒体框架和传感器知识，有硬件知识优先。<br/>6.了解深度学习相关知识，掌握一种移动端深度学习算法框架。                                                                                                                                                                                                       | 阿里集团-高德事业群-地图数据业务中心-数据研发部                          | 北京         | 五年以上       | 1607681524000 | 1. 参与智 能硬件（Android/Linux）平台C/C++应用程序设计开发；<br/>2. 负责图像AI算法在移动端工程化落地，性能极致；<br/>3. 构建移动端算法能力，利用多传感器提升算法和数据的精度；                                                                                                                                                                                                                                                                                                                                                                                                                                                                                |
+-------+-----------------------------------------------+--------+-----------------------------------------------------------------------------------------------------------------------------------------------------------------------------------------------------------------------------------------------------------------------------------------------------------------------------------------------------------------------------------------------------------------------------------------------------------------------------------------------------------------------------------------------------------------------------------------------------------------------------------------------------------------+--------------------------------------------------------------------------+--------------+----------------+---------------+--------------------------------------------------------------------------------------------------------------------------------------------------------------------------------------------------------------------------------------------------------------------------------------------------------------------------------------------------------------------------------------------------------------------------------------------------------------------------------------------------------------------------------------------------------------------------------------------------------------------------------------------------------------+
5 rows in set (0.00 sec)

mysql> show tables;
+--------------------+
| Tables_in_spiderdb |
+--------------------+
| alijob             |
| tb_baike           |
| tb_book            |
| tb_dangdang        |
| tb_section         |
| tb_sina            |
| xiaohua            |
+--------------------+
7 rows in set (0.00 sec)

mysql> select * from tb_book limit 5;
+---------+------------------------------------------------+------------+-----------------------------------------------+
| book_id | book_title                                     | book_zhubo | book_url                                      |
+---------+------------------------------------------------+------------+-----------------------------------------------+
|  240506 | 小王子（经典必听）                             | 图特哈蒙   | https://www.ximalaya.com/youshengshu/240506/  |
| 2824268 | 省委班子 许开祯作品                            | 东篱菊声   | https://www.ximalaya.com/youshengshu/2824268/ |
| 2897273 | 江湖三十年（上部）                             | 全勇       | https://www.ximalaya.com/youshengshu/2897273/ |
| 3183914 | 人生若只初相见                                 | 薄倾       | https://www.ximalaya.com/youshengshu/3183914/ |
| 3415316 | 城南旧事（台湾作家林海音的北京记忆）丨博集新媒 | 夜歌而行   | https://www.ximalaya.com/youshengshu/3415316/ |
+---------+------------------------------------------------+------------+-----------------------------------------------+
5 rows in set (0.01 sec)

mysql> show databases;
+--------------------+
| Database           |
+--------------------+
| information_schema |
| mysql              |
| performance_schema |
| spiderdb           |
| sys                |
| xpc_2020           |
+--------------------+
6 rows in set (0.00 sec)

mysql> use spiderdb;
Database changed
mysql> show tables;
+--------------------+
| Tables_in_spiderdb |
+--------------------+
| alijob             |
| tb_baike           |
| tb_book            |
| tb_dangdang        |
| tb_section         |
| tb_sina            |
| xiaohua            |
+--------------------+
7 rows in set (0.00 sec)

mysql> ^Z
Bye

C:\WINDOWS\system32>mysql -u root -p
Enter password: ****
Welcome to the MySQL monitor.  Commands end with ; or \g.
Your MySQL connection id is 5
Server version: 5.7.17-log MySQL Community Server (GPL)

Copyright (c) 2000, 2016, Oracle and/or its affiliates. All rights reserved.

Oracle is a registered trademark of Oracle Corporation and/or its
affiliates. Other names may be trademarks of their respective
owners.

Type 'help;' or '\h' for help. Type '\c' to clear the current input statement.

mysql> show databases;
+--------------------+
| Database           |
+--------------------+
| information_schema |
| mysql              |
| performance_schema |
| spiderdb           |
| sys                |
| xpc_2020           |
+--------------------+
6 rows in set (0.00 sec)

mysql> create database mydb1 charset=utf8;
Query OK, 1 row affected (0.00 sec)

mysql> show databases;
+--------------------+
| Database           |
+--------------------+
| information_schema |
| mydb1              |
| mysql              |
| performance_schema |
| spiderdb           |
| sys                |
| xpc_2020           |
+--------------------+
7 rows in set (0.00 sec)

mysql> drop database mydb1;
Query OK, 0 rows affected (0.00 sec)

mysql> show databases;
+--------------------+
| Database           |
+--------------------+
| information_schema |
| mysql              |
| performance_schema |
| spiderdb           |
| sys                |
| xpc_2020           |
+--------------------+
6 rows in set (0.00 sec)

mysql> create database mydb1 charset=utf8;
Query OK, 1 row affected (0.01 sec)

mysql> show tables;
ERROR 1046 (3D000): No database selected
mysql> use mydb1;
Database changed
mysql>
mysql> show tables;
Empty set (0.00 sec)

mysql>
mysql> create table person(id int, name varchar(20), age int);
Query OK, 0 rows affected (0.06 sec)

mysql> show tables;
+-----------------+
| Tables_in_mydb1 |
+-----------------+
| person          |
+-----------------+
1 row in set (0.00 sec)

mysql> desc person;
+-------+-------------+------+-----+---------+-------+
| Field | Type        | Null | Key | Default | Extra |
+-------+-------------+------+-----+---------+-------+
| id    | int(11)     | YES  |     | NULL    |       |
| name  | varchar(20) | YES  |     | NULL    |       |
| age   | int(11)     | YES  |     | NULL    |       |
+-------+-------------+------+-----+---------+-------+
3 rows in set (0.01 sec)

mysql> drop table person;
Query OK, 0 rows affected (0.02 sec)

mysql> show tables;
Empty set (0.00 sec)

mysql> create table person(id int primary key auto_increment, name varchar(20), age int);
Query OK, 0 rows affected (0.03 sec)

mysql> desc person;
+-------+-------------+------+-----+---------+----------------+
| Field | Type        | Null | Key | Default | Extra          |
+-------+-------------+------+-----+---------+----------------+
| id    | int(11)     | NO   | PRI | NULL    | auto_increment |
| name  | varchar(20) | YES  |     | NULL    |                |
| age   | int(11)     | YES  |     | NULL    |                |
+-------+-------------+------+-----+---------+----------------+
3 rows in set (0.00 sec)

mysql> select database();
+------------+
| database() |
+------------+
| mydb1      |
+------------+
1 row in set (0.00 sec)

mysql> create table worker(
    -> id int primary key auto_increment,
    -> name varchar(20),
    -> gender varchar(10),
    -> birthday date,
    -> entry_date date,
    -> job varchar(255),
    -> salary float,
    -> resume text);
Query OK, 0 rows affected (0.04 sec)

mysql> show tables;
+-----------------+
| Tables_in_mydb1 |
+-----------------+
| person          |
| worker          |
+-----------------+
2 rows in set (0.00 sec)

mysql> desc worker;
+------------+--------------+------+-----+---------+----------------+
| Field      | Type         | Null | Key | Default | Extra          |
+------------+--------------+------+-----+---------+----------------+
| id         | int(11)      | NO   | PRI | NULL    | auto_increment |
| name       | varchar(20)  | YES  |     | NULL    |                |
| gender     | varchar(10)  | YES  |     | NULL    |                |
| birthday   | date         | YES  |     | NULL    |                |
| entry_date | date         | YES  |     | NULL    |                |
| job        | varchar(255) | YES  |     | NULL    |                |
| salary     | float        | YES  |     | NULL    |                |
| resume     | text         | YES  |     | NULL    |                |
+------------+--------------+------+-----+---------+----------------+
8 rows in set (0.00 sec)

mysql> desc person;
+-------+-------------+------+-----+---------+----------------+
| Field | Type        | Null | Key | Default | Extra          |
+-------+-------------+------+-----+---------+----------------+
| id    | int(11)     | NO   | PRI | NULL    | auto_increment |
| name  | varchar(20) | YES  |     | NULL    |                |
| age   | int(11)     | YES  |     | NULL    |                |
+-------+-------------+------+-----+---------+----------------+
3 rows in set (0.00 sec)

mysql> select * from person;
Empty set (0.00 sec)

mysql> insert into person(id,name,age) values(1,"马云",50);
Query OK, 1 row affected (0.01 sec)

mysql> select * from person;
+----+------+------+
| id | name | age  |
+----+------+------+
|  1 | 马云 |   50 |
+----+------+------+
1 row in set (0.00 sec)

mysql> insert into person(id,name,age) values(1,"马云",50);
ERROR 1062 (23000): Duplicate entry '1' for key 'PRIMARY'
mysql>
mysql> insert into person(id,name,age) values(2,"马云",50);
Query OK, 1 row affected (0.00 sec)

mysql> select * from person;
+----+------+------+
| id | name | age  |
+----+------+------+
|  1 | 马云 |   50 |
|  2 | 马云 |   50 |
+----+------+------+
2 rows in set (0.00 sec)

mysql> insert into person(name,age) values("马化腾",40);
Query OK, 1 row affected (0.00 sec)

mysql> select * from person;
+----+--------+------+
| id | name   | age  |
+----+--------+------+
|  1 | 马云   |   50 |
|  2 | 马云   |   50 |
|  3 | 马化腾 |   40 |
+----+--------+------+
3 rows in set (0.00 sec)

mysql> insert into person values(40,"马明哲",60);
Query OK, 1 row affected (0.00 sec)

mysql> select * from person;
+----+--------+------+
| id | name   | age  |
+----+--------+------+
|  1 | 马云   |   50 |
|  2 | 马云   |   50 |
|  3 | 马化腾 |   40 |
| 40 | 马明哲 |   60 |
+----+--------+------+
4 rows in set (0.00 sec)

mysql> insert into person(name,age) values("马化腾",40);
Query OK, 1 row affected (0.00 sec)

mysql> select * from person;
+----+--------+------+
| id | name   | age  |
+----+--------+------+
|  1 | 马云   |   50 |
|  2 | 马云   |   50 |
|  3 | 马化腾 |   40 |
| 40 | 马明哲 |   60 |
| 41 | 马化腾 |   40 |
+----+--------+------+
5 rows in set (0.00 sec)

mysql> insert into person(name,age) values("马化腾",40),("mask",30);
Query OK, 2 rows affected (0.00 sec)
Records: 2  Duplicates: 0  Warnings: 0

mysql> select * from person;
+----+--------+------+
| id | name   | age  |
+----+--------+------+
|  1 | 马云   |   50 |
|  2 | 马云   |   50 |
|  3 | 马化腾 |   40 |
| 40 | 马明哲 |   60 |
| 41 | 马化腾 |   40 |
| 42 | 马化腾 |   40 |
| 43 | mask   |   30 |
+----+--------+------+
7 rows in set (0.00 sec)

mysql> insert into person(name) values("马化腾");
Query OK, 1 row affected (0.00 sec)

mysql> select * from person;
+----+--------+------+
| id | name   | age  |
+----+--------+------+
|  1 | 马云   |   50 |
|  2 | 马云   |   50 |
|  3 | 马化腾 |   40 |
| 40 | 马明哲 |   60 |
| 41 | 马化腾 |   40 |
| 42 | 马化腾 |   40 |
| 43 | mask   |   30 |
| 44 | 马化腾 | NULL |
+----+--------+------+
8 rows in set (0.00 sec)

mysql> update person set name="马斯克" where id=43;
Query OK, 1 row affected (0.01 sec)
Rows matched: 1  Changed: 1  Warnings: 0

mysql> select * from person;
+----+--------+------+
| id | name   | age  |
+----+--------+------+
|  1 | 马云   |   50 |
|  2 | 马云   |   50 |
|  3 | 马化腾 |   40 |
| 40 | 马明哲 |   60 |
| 41 | 马化腾 |   40 |
| 42 | 马化腾 |   40 |
| 43 | 马斯克 |   30 |
| 44 | 马化腾 | NULL |
+----+--------+------+
8 rows in set (0.00 sec)

mysql> update person set age=45 where name="马化腾";
Query OK, 4 rows affected (0.00 sec)
Rows matched: 4  Changed: 4  Warnings: 0

mysql> select * from person;
+----+--------+------+
| id | name   | age  |
+----+--------+------+
|  1 | 马云   |   50 |
|  2 | 马云   |   50 |
|  3 | 马化腾 |   45 |
| 40 | 马明哲 |   60 |
| 41 | 马化腾 |   45 |
| 42 | 马化腾 |   45 |
| 43 | 马斯克 |   30 |
| 44 | 马化腾 |   45 |
+----+--------+------+
8 rows in set (0.00 sec)

mysql> update person set age=49,name="Pony Ma" where name="马化腾";
Query OK, 4 rows affected (0.00 sec)
Rows matched: 4  Changed: 4  Warnings: 0

mysql> select * from person;
+----+---------+------+
| id | name    | age  |
+----+---------+------+
|  1 | 马云    |   50 |
|  2 | 马云    |   50 |
|  3 | Pony Ma |   49 |
| 40 | 马明哲  |   60 |
| 41 | Pony Ma |   49 |
| 42 | Pony Ma |   49 |
| 43 | 马斯克  |   30 |
| 44 | Pony Ma |   49 |
+----+---------+------+
8 rows in set (0.00 sec)

mysql> update person set age=age+1 where name="马化腾";
Query OK, 0 rows affected (0.00 sec)
Rows matched: 0  Changed: 0  Warnings: 0

mysql> select * from person;
+----+---------+------+
| id | name    | age  |
+----+---------+------+
|  1 | 马云    |   50 |
|  2 | 马云    |   50 |
|  3 | Pony Ma |   49 |
| 40 | 马明哲  |   60 |
| 41 | Pony Ma |   49 |
| 42 | Pony Ma |   49 |
| 43 | 马斯克  |   30 |
| 44 | Pony Ma |   49 |
+----+---------+------+
8 rows in set (0.00 sec)

mysql> update person set age=age+1 where name="马云";
Query OK, 2 rows affected (0.00 sec)
Rows matched: 2  Changed: 2  Warnings: 0

mysql> select * from person;
+----+---------+------+
| id | name    | age  |
+----+---------+------+
|  1 | 马云    |   51 |
|  2 | 马云    |   51 |
|  3 | Pony Ma |   49 |
| 40 | 马明哲  |   60 |
| 41 | Pony Ma |   49 |
| 42 | Pony Ma |   49 |
| 43 | 马斯克  |   30 |
| 44 | Pony Ma |   49 |
+----+---------+------+
8 rows in set (0.00 sec)

mysql> delete from person where age>=60;
Query OK, 1 row affected (0.00 sec)

mysql>
mysql> select * from person;
+----+---------+------+
| id | name    | age  |
+----+---------+------+
|  1 | 马云    |   51 |
|  2 | 马云    |   51 |
|  3 | Pony Ma |   49 |
| 41 | Pony Ma |   49 |
| 42 | Pony Ma |   49 |
| 43 | 马斯克  |   30 |
| 44 | Pony Ma |   49 |
+----+---------+------+
7 rows in set (0.00 sec)

mysql>
mysql> delete from person;
Query OK, 7 rows affected (0.00 sec)

mysql>
mysql> select * from person;
Empty set (0.00 sec)

mysql> drop table person;
Query OK, 0 rows affected (0.02 sec)

mysql> select * from person;
ERROR 1146 (42S02): Table 'mydb1.person' doesn't exist
mysql>
mysql>
mysql> create table person(id int primary key auto_increment, name varchar(20), age int);
Query OK, 0 rows affected (0.03 sec)

mysql>
mysql> insert into person(name,age) values("马化腾",40),("mask",30);
Query OK, 2 rows affected (0.00 sec)
Records: 2  Duplicates: 0  Warnings: 0

mysql> insert into person(name,age) values("马化腾",40),("mask",30);
Query OK, 2 rows affected (0.00 sec)
Records: 2  Duplicates: 0  Warnings: 0

mysql> insert into person(name,age) values("马化腾",40),("mask",30);
Query OK, 2 rows affected (0.00 sec)
Records: 2  Duplicates: 0  Warnings: 0

mysql> select * from person;
+----+--------+------+
| id | name   | age  |
+----+--------+------+
|  1 | 马化腾 |   40 |
|  2 | mask   |   30 |
|  3 | 马化腾 |   40 |
|  4 | mask   |   30 |
|  5 | 马化腾 |   40 |
|  6 | mask   |   30 |
+----+--------+------+
6 rows in set (0.00 sec)

mysql> delete from person where id>=5;
Query OK, 2 rows affected (0.00 sec)

mysql>
mysql> insert into person(name,age) values("马克思",100);
Query OK, 1 row affected (0.00 sec)

mysql> select * from person;
+----+--------+------+
| id | name   | age  |
+----+--------+------+
|  1 | 马化腾 |   40 |
|  2 | mask   |   30 |
|  3 | 马化腾 |   40 |
|  4 | mask   |   30 |
|  7 | 马克思 |  100 |
+----+--------+------+
5 rows in set (0.00 sec)

mysql> truncate table person;
Query OK, 0 rows affected (0.03 sec)

mysql> select * from person;
Empty set (0.00 sec)

mysql> insert into person(name,age) values("马克思",100);
Query OK, 1 row affected (0.00 sec)

mysql> select * from person;
+----+--------+------+
| id | name   | age  |
+----+--------+------+
|  1 | 马克思 |  100 |
+----+--------+------+
1 row in set (0.00 sec)

mysql> insert into person(name,age) values("马克思",100);
Query OK, 1 row affected (0.00 sec)

mysql> insert into person(name,age) values("马克思",100);
Query OK, 1 row affected (0.00 sec)

mysql> select * from person;
+----+--------+------+
| id | name   | age  |
+----+--------+------+
|  1 | 马克思 |  100 |
|  2 | 马克思 |  100 |
|  3 | 马克思 |  100 |
+----+--------+------+
3 rows in set (0.00 sec)

mysql> delete from person;
Query OK, 3 rows affected (0.00 sec)

mysql>
mysql> insert into person(name,age) values("马克思",100);
Query OK, 1 row affected (0.00 sec)

mysql> select * from person;
+----+--------+------+
| id | name   | age  |
+----+--------+------+
|  4 | 马克思 |  100 |
+----+--------+------+
1 row in set (0.00 sec)

mysql>
mysql> select * from person;
+----+--------+------+
| id | name   | age  |
+----+--------+------+
|  4 | 马克思 |  100 |
+----+--------+------+
1 row in set (0.00 sec)

mysql> create table student(id int primary key auto_increment,name varchar(50),age int,gender varchar(20));
Query OK, 0 rows affected (0.04 sec)

mysql> select * from student;
Empty set (0.00 sec)

mysql> insert into student(name,age,gender) values("贾玲",38,"female");
Query OK, 1 row affected (0.00 sec)

mysql> insert into student(name,age,gender) values("沈腾",48,"male");
Query OK, 1 row affected (0.00 sec)

mysql> insert into student(name,age,gender) values("王宝强",40,"male");
Query OK, 1 row affected (0.00 sec)

mysql> insert into student(name,age,gender) values("刘昊然",22,"male");
Query OK, 1 row affected (0.00 sec)

mysql> insert into student(name,age,gender) values("刘亦菲",18,"female");
Query OK, 1 row affected (0.00 sec)

mysql> select * from student;
+----+--------+------+--------+
| id | name   | age  | gender |
+----+--------+------+--------+
|  1 | 贾玲   |   38 | female |
|  2 | 沈腾   |   48 | male   |
|  3 | 王宝强 |   40 | male   |
|  4 | 刘昊然 |   22 | male   |
|  5 | 刘亦菲 |   18 | female |
+----+--------+------+--------+
5 rows in set (0.00 sec)

mysql> select name from student;
+--------+
| name   |
+--------+
| 贾玲   |
| 沈腾   |
| 王宝强 |
| 刘昊然 |
| 刘亦菲 |
+--------+
5 rows in set (0.00 sec)

mysql> select name,age from student;
+--------+------+
| name   | age  |
+--------+------+
| 贾玲   |   38 |
| 沈腾   |   48 |
| 王宝强 |   40 |
| 刘昊然 |   22 |
| 刘亦菲 |   18 |
+--------+------+
5 rows in set (0.00 sec)

mysql> select * from student;
+----+--------+------+--------+
| id | name   | age  | gender |
+----+--------+------+--------+
|  1 | 贾玲   |   38 | female |
|  2 | 沈腾   |   48 | male   |
|  3 | 王宝强 |   40 | male   |
|  4 | 刘昊然 |   22 | male   |
|  5 | 刘亦菲 |   18 | female |
+----+--------+------+--------+
5 rows in set (0.00 sec)

mysql> select * from student where gender="male";
+----+--------+------+--------+
| id | name   | age  | gender |
+----+--------+------+--------+
|  2 | 沈腾   |   48 | male   |
|  3 | 王宝强 |   40 | male   |
|  4 | 刘昊然 |   22 | male   |
+----+--------+------+--------+
3 rows in set (0.00 sec)

mysql> select * from student where gender!="male";
+----+--------+------+--------+
| id | name   | age  | gender |
+----+--------+------+--------+
|  1 | 贾玲   |   38 | female |
|  5 | 刘亦菲 |   18 | female |
+----+--------+------+--------+
2 rows in set (0.00 sec)

mysql> select * from student where gender<>"male";
+----+--------+------+--------+
| id | name   | age  | gender |
+----+--------+------+--------+
|  1 | 贾玲   |   38 | female |
|  5 | 刘亦菲 |   18 | female |
+----+--------+------+--------+
2 rows in set (0.00 sec)

mysql> select * from student;
+----+--------+------+--------+
| id | name   | age  | gender |
+----+--------+------+--------+
|  1 | 贾玲   |   38 | female |
|  2 | 沈腾   |   48 | male   |
|  3 | 王宝强 |   40 | male   |
|  4 | 刘昊然 |   22 | male   |
|  5 | 刘亦菲 |   18 | female |
+----+--------+------+--------+
5 rows in set (0.00 sec)

mysql> select * from student where age>30;
+----+--------+------+--------+
| id | name   | age  | gender |
+----+--------+------+--------+
|  1 | 贾玲   |   38 | female |
|  2 | 沈腾   |   48 | male   |
|  3 | 王宝强 |   40 | male   |
+----+--------+------+--------+
3 rows in set (0.00 sec)

mysql> select * from student where age<30;
+----+--------+------+--------+
| id | name   | age  | gender |
+----+--------+------+--------+
|  4 | 刘昊然 |   22 | male   |
|  5 | 刘亦菲 |   18 | female |
+----+--------+------+--------+
2 rows in set (0.00 sec)

mysql> select * from student where age<=40;
+----+--------+------+--------+
| id | name   | age  | gender |
+----+--------+------+--------+
|  1 | 贾玲   |   38 | female |
|  3 | 王宝强 |   40 | male   |
|  4 | 刘昊然 |   22 | male   |
|  5 | 刘亦菲 |   18 | female |
+----+--------+------+--------+
4 rows in set (0.00 sec)

mysql> select * from student where age<=40 and age>=22;
+----+--------+------+--------+
| id | name   | age  | gender |
+----+--------+------+--------+
|  1 | 贾玲   |   38 | female |
|  3 | 王宝强 |   40 | male   |
|  4 | 刘昊然 |   22 | male   |
+----+--------+------+--------+
3 rows in set (0.00 sec)

mysql> select * from student where age between 22 and 40;
+----+--------+------+--------+
| id | name   | age  | gender |
+----+--------+------+--------+
|  1 | 贾玲   |   38 | female |
|  3 | 王宝强 |   40 | male   |
|  4 | 刘昊然 |   22 | male   |
+----+--------+------+--------+
3 rows in set (0.01 sec)

mysql>
mysql> select * from student;
+----+--------+------+--------+
| id | name   | age  | gender |
+----+--------+------+--------+
|  1 | 贾玲   |   38 | female |
|  2 | 沈腾   |   48 | male   |
|  3 | 王宝强 |   40 | male   |
|  4 | 刘昊然 |   22 | male   |
|  5 | 刘亦菲 |   18 | female |
+----+--------+------+--------+
5 rows in set (0.00 sec)

mysql> select * from student where age>40 and age<20;
Empty set (0.00 sec)

mysql> select * from student where age>40 or age<20;
+----+--------+------+--------+
| id | name   | age  | gender |
+----+--------+------+--------+
|  2 | 沈腾   |   48 | male   |
|  5 | 刘亦菲 |   18 | female |
+----+--------+------+--------+
2 rows in set (0.00 sec)

mysql> select * from student where age>30;
+----+--------+------+--------+
| id | name   | age  | gender |
+----+--------+------+--------+
|  1 | 贾玲   |   38 | female |
|  2 | 沈腾   |   48 | male   |
|  3 | 王宝强 |   40 | male   |
+----+--------+------+--------+
3 rows in set (0.00 sec)

mysql> select * from student where not age>30;
+----+--------+------+--------+
| id | name   | age  | gender |
+----+--------+------+--------+
|  4 | 刘昊然 |   22 | male   |
|  5 | 刘亦菲 |   18 | female |
+----+--------+------+--------+
2 rows in set (0.00 sec)

mysql>
mysql>
mysql>
mysql> select * from student;
+----+--------+------+--------+
| id | name   | age  | gender |
+----+--------+------+--------+
|  1 | 贾玲   |   38 | female |
|  2 | 沈腾   |   48 | male   |
|  3 | 王宝强 |   40 | male   |
|  4 | 刘昊然 |   22 | male   |
|  5 | 刘亦菲 |   18 | female |
+----+--------+------+--------+
5 rows in set (0.00 sec)

mysql> select * from student age in (20,30,40,50);
ERROR 1064 (42000): You have an error in your SQL syntax; check the manual that corresponds to your MySQL server version for the right syntax to use near 'in (20,30,40,50)' at line 1
mysql> select * from student where age in (20,30,40,50);
+----+--------+------+--------+
| id | name   | age  | gender |
+----+--------+------+--------+
|  3 | 王宝强 |   40 | male   |
+----+--------+------+--------+
1 row in set (0.00 sec)

mysql> select * from student where age in (20,30,40,22);
+----+--------+------+--------+
| id | name   | age  | gender |
+----+--------+------+--------+
|  3 | 王宝强 |   40 | male   |
|  4 | 刘昊然 |   22 | male   |
+----+--------+------+--------+
2 rows in set (0.00 sec)

mysql> select * from student where age not in (20,30,40,22);
+----+--------+------+--------+
| id | name   | age  | gender |
+----+--------+------+--------+
|  1 | 贾玲   |   38 | female |
|  2 | 沈腾   |   48 | male   |
|  5 | 刘亦菲 |   18 | female |
+----+--------+------+--------+
3 rows in set (0.00 sec)

mysql>
mysql>
mysql> select * from student;
+----+--------+------+--------+
| id | name   | age  | gender |
+----+--------+------+--------+
|  1 | 贾玲   |   38 | female |
|  2 | 沈腾   |   48 | male   |
|  3 | 王宝强 |   40 | male   |
|  4 | 刘昊然 |   22 | male   |
|  5 | 刘亦菲 |   18 | female |
+----+--------+------+--------+
5 rows in set (0.00 sec)

mysql>
mysql>
mysql>
mysql> insert into student(name) values("马化腾");
Query OK, 1 row affected (0.00 sec)

mysql> select * from student;
+----+--------+------+--------+
| id | name   | age  | gender |
+----+--------+------+--------+
|  1 | 贾玲   |   38 | female |
|  2 | 沈腾   |   48 | male   |
|  3 | 王宝强 |   40 | male   |
|  4 | 刘昊然 |   22 | male   |
|  5 | 刘亦菲 |   18 | female |
|  6 | 马化腾 | NULL | NULL   |
+----+--------+------+--------+
6 rows in set (0.00 sec)

mysql> select * from student where age=NULL;
Empty set (0.00 sec)

mysql> select * from student where age=Null;
Empty set (0.00 sec)

mysql> select * from student where age=null;
Empty set (0.00 sec)

mysql> select * from student where age is null;
+----+--------+------+--------+
| id | name   | age  | gender |
+----+--------+------+--------+
|  6 | 马化腾 | NULL | NULL   |
+----+--------+------+--------+
1 row in set (0.00 sec)

mysql> select * from student where age is Null;
+----+--------+------+--------+
| id | name   | age  | gender |
+----+--------+------+--------+
|  6 | 马化腾 | NULL | NULL   |
+----+--------+------+--------+
1 row in set (0.00 sec)

mysql> select * from student where age is NULL;
+----+--------+------+--------+
| id | name   | age  | gender |
+----+--------+------+--------+
|  6 | 马化腾 | NULL | NULL   |
+----+--------+------+--------+
1 row in set (0.00 sec)

mysql>
mysql>
mysql> select * from student;
+----+--------+------+--------+
| id | name   | age  | gender |
+----+--------+------+--------+
|  1 | 贾玲   |   38 | female |
|  2 | 沈腾   |   48 | male   |
|  3 | 王宝强 |   40 | male   |
|  4 | 刘昊然 |   22 | male   |
|  5 | 刘亦菲 |   18 | female |
|  6 | 马化腾 | NULL | NULL   |
+----+--------+------+--------+
6 rows in set (0.00 sec)

mysql> select * from student where name like '刘__';
+----+--------+------+--------+
| id | name   | age  | gender |
+----+--------+------+--------+
|  4 | 刘昊然 |   22 | male   |
|  5 | 刘亦菲 |   18 | female |
+----+--------+------+--------+
2 rows in set (0.00 sec)

mysql> insert into student(name) values("刘能");
Query OK, 1 row affected (0.00 sec)

mysql>
mysql> select * from student;
+----+--------+------+--------+
| id | name   | age  | gender |
+----+--------+------+--------+
|  1 | 贾玲   |   38 | female |
|  2 | 沈腾   |   48 | male   |
|  3 | 王宝强 |   40 | male   |
|  4 | 刘昊然 |   22 | male   |
|  5 | 刘亦菲 |   18 | female |
|  6 | 马化腾 | NULL | NULL   |
|  7 | 刘能   | NULL | NULL   |
+----+--------+------+--------+
7 rows in set (0.00 sec)

mysql> select * from student where name like '刘__';
+----+--------+------+--------+
| id | name   | age  | gender |
+----+--------+------+--------+
|  4 | 刘昊然 |   22 | male   |
|  5 | 刘亦菲 |   18 | female |
+----+--------+------+--------+
2 rows in set (0.00 sec)

mysql> select * from student where name like '刘_';
+----+------+------+--------+
| id | name | age  | gender |
+----+------+------+--------+
|  7 | 刘能 | NULL | NULL   |
+----+------+------+--------+
1 row in set (0.00 sec)

mysql> select * from student where name like '刘%';
+----+--------+------+--------+
| id | name   | age  | gender |
+----+--------+------+--------+
|  4 | 刘昊然 |   22 | male   |
|  5 | 刘亦菲 |   18 | female |
|  7 | 刘能   | NULL | NULL   |
+----+--------+------+--------+
3 rows in set (0.00 sec)

mysql> select * from student where name like '%宝%';
+----+--------+------+--------+
| id | name   | age  | gender |
+----+--------+------+--------+
|  3 | 王宝强 |   40 | male   |
+----+--------+------+--------+
1 row in set (0.00 sec)

mysql> select * from student where name like '%强%';
+----+--------+------+--------+
| id | name   | age  | gender |
+----+--------+------+--------+
|  3 | 王宝强 |   40 | male   |
+----+--------+------+--------+
1 row in set (0.00 sec)

mysql>
mysql>
mysql> select * from student;
+----+--------+------+--------+
| id | name   | age  | gender |
+----+--------+------+--------+
|  1 | 贾玲   |   38 | female |
|  2 | 沈腾   |   48 | male   |
|  3 | 王宝强 |   40 | male   |
|  4 | 刘昊然 |   22 | male   |
|  5 | 刘亦菲 |   18 | female |
|  6 | 马化腾 | NULL | NULL   |
|  7 | 刘能   | NULL | NULL   |
+----+--------+------+--------+
7 rows in set (0.00 sec)

mysql> select id as 编码,name as 姓名 from student;
+------+--------+
| 编码 | 姓名   |
+------+--------+
|    1 | 贾玲   |
|    2 | 沈腾   |
|    3 | 王宝强 |
|    4 | 刘昊然 |
|    5 | 刘亦菲 |
|    6 | 马化腾 |
|    7 | 刘能   |
+------+--------+
7 rows in set (0.00 sec)

mysql> select id 编码,name 姓名 from student;
+------+--------+
| 编码 | 姓名   |
+------+--------+
|    1 | 贾玲   |
|    2 | 沈腾   |
|    3 | 王宝强 |
|    4 | 刘昊然 |
|    5 | 刘亦菲 |
|    6 | 马化腾 |
|    7 | 刘能   |
+------+--------+
7 rows in set (0.00 sec)

mysql> select * from student as s;
+----+--------+------+--------+
| id | name   | age  | gender |
+----+--------+------+--------+
|  1 | 贾玲   |   38 | female |
|  2 | 沈腾   |   48 | male   |
|  3 | 王宝强 |   40 | male   |
|  4 | 刘昊然 |   22 | male   |
|  5 | 刘亦菲 |   18 | female |
|  6 | 马化腾 | NULL | NULL   |
|  7 | 刘能   | NULL | NULL   |
+----+--------+------+--------+
7 rows in set (0.00 sec)

mysql> select * from student s;
+----+--------+------+--------+
| id | name   | age  | gender |
+----+--------+------+--------+
|  1 | 贾玲   |   38 | female |
|  2 | 沈腾   |   48 | male   |
|  3 | 王宝强 |   40 | male   |
|  4 | 刘昊然 |   22 | male   |
|  5 | 刘亦菲 |   18 | female |
|  6 | 马化腾 | NULL | NULL   |
|  7 | 刘能   | NULL | NULL   |
+----+--------+------+--------+
7 rows in set (0.00 sec)

mysql>
mysql> select gender from student;
+--------+
| gender |
+--------+
| female |
| male   |
| male   |
| male   |
| female |
| NULL   |
| NULL   |
+--------+
7 rows in set (0.00 sec)

mysql> select distinct  gender from student;
+--------+
| gender |
+--------+
| female |
| male   |
| NULL   |
+--------+
3 rows in set (0.01 sec)

mysql>
mysql>
mysql> select * from student;
+----+--------+------+--------+
| id | name   | age  | gender |
+----+--------+------+--------+
|  1 | 贾玲   |   38 | female |
|  2 | 沈腾   |   48 | male   |
|  3 | 王宝强 |   40 | male   |
|  4 | 刘昊然 |   22 | male   |
|  5 | 刘亦菲 |   18 | female |
|  6 | 马化腾 | NULL | NULL   |
|  7 | 刘能   | NULL | NULL   |
+----+--------+------+--------+
7 rows in set (0.00 sec)

mysql> update student set age=20 where age is null;
Query OK, 2 rows affected (0.00 sec)
Rows matched: 2  Changed: 2  Warnings: 0

mysql> select * from student;
+----+--------+------+--------+
| id | name   | age  | gender |
+----+--------+------+--------+
|  1 | 贾玲   |   38 | female |
|  2 | 沈腾   |   48 | male   |
|  3 | 王宝强 |   40 | male   |
|  4 | 刘昊然 |   22 | male   |
|  5 | 刘亦菲 |   18 | female |
|  6 | 马化腾 |   20 | NULL   |
|  7 | 刘能   |   20 | NULL   |
+----+--------+------+--------+
7 rows in set (0.00 sec)

mysql> select * from student order by age;
+----+--------+------+--------+
| id | name   | age  | gender |
+----+--------+------+--------+
|  5 | 刘亦菲 |   18 | female |
|  6 | 马化腾 |   20 | NULL   |
|  7 | 刘能   |   20 | NULL   |
|  4 | 刘昊然 |   22 | male   |
|  1 | 贾玲   |   38 | female |
|  3 | 王宝强 |   40 | male   |
|  2 | 沈腾   |   48 | male   |
+----+--------+------+--------+
7 rows in set (0.01 sec)

mysql> select * from student order by age asc;
+----+--------+------+--------+
| id | name   | age  | gender |
+----+--------+------+--------+
|  5 | 刘亦菲 |   18 | female |
|  6 | 马化腾 |   20 | NULL   |
|  7 | 刘能   |   20 | NULL   |
|  4 | 刘昊然 |   22 | male   |
|  1 | 贾玲   |   38 | female |
|  3 | 王宝强 |   40 | male   |
|  2 | 沈腾   |   48 | male   |
+----+--------+------+--------+
7 rows in set (0.00 sec)

mysql> select * from student order by age desc;
+----+--------+------+--------+
| id | name   | age  | gender |
+----+--------+------+--------+
|  2 | 沈腾   |   48 | male   |
|  3 | 王宝强 |   40 | male   |
|  1 | 贾玲   |   38 | female |
|  4 | 刘昊然 |   22 | male   |
|  6 | 马化腾 |   20 | NULL   |
|  7 | 刘能   |   20 | NULL   |
|  5 | 刘亦菲 |   18 | female |
+----+--------+------+--------+
7 rows in set (0.00 sec)

mysql> select * from student order by age asc,id desc;
+----+--------+------+--------+
| id | name   | age  | gender |
+----+--------+------+--------+
|  5 | 刘亦菲 |   18 | female |
|  7 | 刘能   |   20 | NULL   |
|  6 | 马化腾 |   20 | NULL   |
|  4 | 刘昊然 |   22 | male   |
|  1 | 贾玲   |   38 | female |
|  3 | 王宝强 |   40 | male   |
|  2 | 沈腾   |   48 | male   |
+----+--------+------+--------+
7 rows in set (0.00 sec)

mysql> select * from student order by age asc;
+----+--------+------+--------+
| id | name   | age  | gender |
+----+--------+------+--------+
|  5 | 刘亦菲 |   18 | female |
|  6 | 马化腾 |   20 | NULL   |
|  7 | 刘能   |   20 | NULL   |
|  4 | 刘昊然 |   22 | male   |
|  1 | 贾玲   |   38 | female |
|  3 | 王宝强 |   40 | male   |
|  2 | 沈腾   |   48 | male   |
+----+--------+------+--------+
7 rows in set (0.00 sec)

mysql>
mysql> 练习
    -> ;
ERROR 1064 (42000): You have an error in your SQL syntax; check the manual that corresponds to your MySQL server version for the right syntax to use near '练习' at line 1
mysql>
mysql> create database mydb1_1 charset=utf8;
Query OK, 1 row affected (0.01 sec)

mysql> use mydb1_1;
Database changed
mysql> create table student(
    -> sno varchar(20) primary key,
    -> sname varchar(20),
    -> ssex varchar(20),
    -> sbirthday datetime,
    -> class varchar(20)
    -> );
Query OK, 0 rows affected (0.04 sec)

mysql>
mysql> create table score
    -> (
    -> sno varchar(20),
    -> cno varchar(20),
    -> degree decimal
    -> );
Query OK, 0 rows affected (0.03 sec)

mysql> show tables;
+-------------------+
| Tables_in_mydb1_1 |
+-------------------+
| score             |
| student           |
+-------------------+
2 rows in set (0.00 sec)

mysql> insert into student values('108','曾华','男','1977-09-01','95033');
Query OK, 1 row affected (0.00 sec)

mysql> insert into student values('105','匡明','男','1975-10-02','95031');
Query OK, 1 row affected (0.00 sec)

mysql> insert into student values('107','王丽','女','1976-01-23','95033');
Query OK, 1 row affected (0.00 sec)

mysql> insert into student values('101','李军','男','1976-02-20','95033');
Query OK, 1 row affected (0.00 sec)

mysql> insert into student values('109','王芳','女','1975-02-10','95031');
Query OK, 1 row affected (0.00 sec)

mysql> insert into student values('103','陆君','男','1974-06-03','95031');
Query OK, 1 row affected (0.00 sec)

mysql> insert into score values('103','3-245','86');
Query OK, 1 row affected (0.00 sec)

mysql> insert into score values('105','3-245','75');
Query OK, 1 row affected (0.00 sec)

mysql> insert into score values('109','3-245','68');
Query OK, 1 row affected (0.00 sec)

mysql> insert into score values('103','3-105','92');
Query OK, 1 row affected (0.00 sec)

mysql> insert into score values('105','3-105','88');
Query OK, 1 row affected (0.00 sec)

mysql> insert into score values('109','3-105','76');
Query OK, 1 row affected (0.00 sec)

mysql> insert into score values('103','3-105','64');
Query OK, 1 row affected (0.00 sec)

mysql> insert into score values('105','3-105','91');
Query OK, 1 row affected (0.00 sec)

mysql> insert into score values('109','3-105','78');
Query OK, 1 row affected (0.00 sec)

mysql> insert into score values('103','6-166','85');
Query OK, 1 row affected (0.00 sec)

mysql> insert into score values('105','6-166','79');
Query OK, 1 row affected (0.00 sec)

mysql> insert into score values('109','6-166','81');
Query OK, 1 row affected (0.00 sec)

mysql>
mysql> select * from student;
+-----+-------+------+---------------------+-------+
| sno | sname | ssex | sbirthday           | class |
+-----+-------+------+---------------------+-------+
| 101 | 李军  | 男   | 1976-02-20 00:00:00 | 95033 |
| 103 | 陆君  | 男   | 1974-06-03 00:00:00 | 95031 |
| 105 | 匡明  | 男   | 1975-10-02 00:00:00 | 95031 |
| 107 | 王丽  | 女   | 1976-01-23 00:00:00 | 95033 |
| 108 | 曾华  | 男   | 1977-09-01 00:00:00 | 95033 |
| 109 | 王芳  | 女   | 1975-02-10 00:00:00 | 95031 |
+-----+-------+------+---------------------+-------+
6 rows in set (0.00 sec)

mysql> select * from score
    -> ;
+------+-------+--------+
| sno  | cno   | degree |
+------+-------+--------+
| 103  | 3-245 |     86 |
| 105  | 3-245 |     75 |
| 109  | 3-245 |     68 |
| 103  | 3-105 |     92 |
| 105  | 3-105 |     88 |
| 109  | 3-105 |     76 |
| 103  | 3-105 |     64 |
| 105  | 3-105 |     91 |
| 109  | 3-105 |     78 |
| 103  | 6-166 |     85 |
| 105  | 6-166 |     79 |
| 109  | 6-166 |     81 |
+------+-------+--------+
12 rows in set (0.00 sec)

mysql> select sname,ssex,class from student;
+-------+------+-------+
| sname | ssex | class |
+-------+------+-------+
| 李军  | 男   | 95033 |
| 陆君  | 男   | 95031 |
| 匡明  | 男   | 95031 |
| 王丽  | 女   | 95033 |
| 曾华  | 男   | 95033 |
| 王芳  | 女   | 95031 |
+-------+------+-------+
6 rows in set (0.00 sec)

mysql> select distinct sbirthday from student;
+---------------------+
| sbirthday           |
+---------------------+
| 1976-02-20 00:00:00 |
| 1974-06-03 00:00:00 |
| 1975-10-02 00:00:00 |
| 1976-01-23 00:00:00 |
| 1977-09-01 00:00:00 |
| 1975-02-10 00:00:00 |
+---------------------+
6 rows in set (0.00 sec)

mysql> select * from student;
+-----+-------+------+---------------------+-------+
| sno | sname | ssex | sbirthday           | class |
+-----+-------+------+---------------------+-------+
| 101 | 李军  | 男   | 1976-02-20 00:00:00 | 95033 |
| 103 | 陆君  | 男   | 1974-06-03 00:00:00 | 95031 |
| 105 | 匡明  | 男   | 1975-10-02 00:00:00 | 95031 |
| 107 | 王丽  | 女   | 1976-01-23 00:00:00 | 95033 |
| 108 | 曾华  | 男   | 1977-09-01 00:00:00 | 95033 |
| 109 | 王芳  | 女   | 1975-02-10 00:00:00 | 95031 |
+-----+-------+------+---------------------+-------+
6 rows in set (0.00 sec)

mysql> select * from score;
+------+-------+--------+
| sno  | cno   | degree |
+------+-------+--------+
| 103  | 3-245 |     86 |
| 105  | 3-245 |     75 |
| 109  | 3-245 |     68 |
| 103  | 3-105 |     92 |
| 105  | 3-105 |     88 |
| 109  | 3-105 |     76 |
| 103  | 3-105 |     64 |
| 105  | 3-105 |     91 |
| 109  | 3-105 |     78 |
| 103  | 6-166 |     85 |
| 105  | 6-166 |     79 |
| 109  | 6-166 |     81 |
+------+-------+--------+
12 rows in set (0.00 sec)

mysql> select * from score where degree between 60 and 80;
+------+-------+--------+
| sno  | cno   | degree |
+------+-------+--------+
| 105  | 3-245 |     75 |
| 109  | 3-245 |     68 |
| 109  | 3-105 |     76 |
| 103  | 3-105 |     64 |
| 109  | 3-105 |     78 |
| 105  | 6-166 |     79 |
+------+-------+--------+
6 rows in set (0.00 sec)

mysql> select * from score where degree in (85,86,88);
+------+-------+--------+
| sno  | cno   | degree |
+------+-------+--------+
| 103  | 3-245 |     86 |
| 105  | 3-105 |     88 |
| 103  | 6-166 |     85 |
+------+-------+--------+
3 rows in set (0.00 sec)

mysql> desc student;
+-----------+-------------+------+-----+---------+-------+
| Field     | Type        | Null | Key | Default | Extra |
+-----------+-------------+------+-----+---------+-------+
| sno       | varchar(20) | NO   | PRI | NULL    |       |
| sname     | varchar(20) | YES  |     | NULL    |       |
| ssex      | varchar(20) | YES  |     | NULL    |       |
| sbirthday | datetime    | YES  |     | NULL    |       |
| class     | varchar(20) | YES  |     | NULL    |       |
+-----------+-------------+------+-----+---------+-------+
5 rows in set (0.00 sec)

mysql> select * from student where class=95031 or ssex="女";
+-----+-------+------+---------------------+-------+
| sno | sname | ssex | sbirthday           | class |
+-----+-------+------+---------------------+-------+
| 103 | 陆君  | 男   | 1974-06-03 00:00:00 | 95031 |
| 105 | 匡明  | 男   | 1975-10-02 00:00:00 | 95031 |
| 107 | 王丽  | 女   | 1976-01-23 00:00:00 | 95033 |
| 109 | 王芳  | 女   | 1975-02-10 00:00:00 | 95031 |
+-----+-------+------+---------------------+-------+
4 rows in set (0.00 sec)

mysql> select * from student where class="95031" or ssex="女";
+-----+-------+------+---------------------+-------+
| sno | sname | ssex | sbirthday           | class |
+-----+-------+------+---------------------+-------+
| 103 | 陆君  | 男   | 1974-06-03 00:00:00 | 95031 |
| 105 | 匡明  | 男   | 1975-10-02 00:00:00 | 95031 |
| 107 | 王丽  | 女   | 1976-01-23 00:00:00 | 95033 |
| 109 | 王芳  | 女   | 1975-02-10 00:00:00 | 95031 |
+-----+-------+------+---------------------+-------+
4 rows in set (0.00 sec)

mysql> select * from student order by class desc;
+-----+-------+------+---------------------+-------+
| sno | sname | ssex | sbirthday           | class |
+-----+-------+------+---------------------+-------+
| 101 | 李军  | 男   | 1976-02-20 00:00:00 | 95033 |
| 107 | 王丽  | 女   | 1976-01-23 00:00:00 | 95033 |
| 108 | 曾华  | 男   | 1977-09-01 00:00:00 | 95033 |
| 103 | 陆君  | 男   | 1974-06-03 00:00:00 | 95031 |
| 105 | 匡明  | 男   | 1975-10-02 00:00:00 | 95031 |
| 109 | 王芳  | 女   | 1975-02-10 00:00:00 | 95031 |
+-----+-------+------+---------------------+-------+
6 rows in set (0.00 sec)

mysql> select * from score order by cno asc,degree desc;
+------+-------+--------+
| sno  | cno   | degree |
+------+-------+--------+
| 103  | 3-105 |     92 |
| 105  | 3-105 |     91 |
| 105  | 3-105 |     88 |
| 109  | 3-105 |     78 |
| 109  | 3-105 |     76 |
| 103  | 3-105 |     64 |
| 103  | 3-245 |     86 |
| 105  | 3-245 |     75 |
| 109  | 3-245 |     68 |
| 103  | 6-166 |     85 |
| 109  | 6-166 |     81 |
| 105  | 6-166 |     79 |
+------+-------+--------+
12 rows in set (0.00 sec)

mysql> select * from score where degree>70 and degree<90;
+------+-------+--------+
| sno  | cno   | degree |
+------+-------+--------+
| 103  | 3-245 |     86 |
| 105  | 3-245 |     75 |
| 105  | 3-105 |     88 |
| 109  | 3-105 |     76 |
| 109  | 3-105 |     78 |
| 103  | 6-166 |     85 |
| 105  | 6-166 |     79 |
| 109  | 6-166 |     81 |
+------+-------+--------+
8 rows in set (0.00 sec)

mysql>
mysql>
mysql> insert into score values(109, "6-166", NULL);
Query OK, 1 row affected (0.00 sec)

mysql> select * from score;
+------+-------+--------+
| sno  | cno   | degree |
+------+-------+--------+
| 103  | 3-245 |     86 |
| 105  | 3-245 |     75 |
| 109  | 3-245 |     68 |
| 103  | 3-105 |     92 |
| 105  | 3-105 |     88 |
| 109  | 3-105 |     76 |
| 103  | 3-105 |     64 |
| 105  | 3-105 |     91 |
| 109  | 3-105 |     78 |
| 103  | 6-166 |     85 |
| 105  | 6-166 |     79 |
| 109  | 6-166 |     81 |
| 109  | 6-166 |   NULL |
+------+-------+--------+
13 rows in set (0.00 sec)

mysql> select count(*) from score;
+----------+
| count(*) |
+----------+
|       13 |
+----------+
1 row in set (0.00 sec)

mysql> select count(degree) from score;
+---------------+
| count(degree) |
+---------------+
|            12 |
+---------------+
1 row in set (0.00 sec)

mysql>
mysql> select sum(degree) from score;
+-------------+
| sum(degree) |
+-------------+
|         963 |
+-------------+
1 row in set (0.00 sec)

mysql>
mysql> select max(degree) from score;
+-------------+
| max(degree) |
+-------------+
|          92 |
+-------------+
1 row in set (0.00 sec)

mysql> select min(degree) from score;
+-------------+
| min(degree) |
+-------------+
|          64 |
+-------------+
1 row in set (0.00 sec)

mysql> select avg(degree) from score;
+-------------+
| avg(degree) |
+-------------+
|     80.2500 |
+-------------+
1 row in set (0.00 sec)

mysql>
mysql>
mysql>
mysql> create table emp(empno int primary key, enname varchar(20), job varchar(20), mgr int, hiredate date, sal double, comm double, deptno int);
Query OK, 0 rows affected (0.03 sec)

mysql> insert into emp values(7369,'smith','clark',7902,'1980-12-17',800,null,20);insert into emp values(7499,'allen','salesman',7698,'1981-02-20',1600,300,30);insert into emp values(7521,'ward','salesman',7698,'1981-02-22',1250,500,30);insert into emp values(7566,'jones','managen',7839,'1981-04-02',2975,null,30);insert into emp values(7654,'martin','salesman',7698,'1981-09-28',1250,1400,30);insert into emp values(7698,'blake','manager',7839,'1981-05-01',2850,null,30);insert into emp values(7782,'clark','manageer',7839,'1980-06-17',2450,null,10);insert into emp values(7788,'scott','analyst',7566,'1987-02-20',3000,null,20);insert into emp values(7839,'king','president',null,'1987-02-20',5000,null,10);
Query OK, 1 row affected (0.01 sec)

Query OK, 1 row affected (0.00 sec)

Query OK, 1 row affected (0.00 sec)

Query OK, 1 row affected (0.00 sec)

Query OK, 1 row affected (0.00 sec)

Query OK, 1 row affected (0.00 sec)

Query OK, 1 row affected (0.00 sec)

Query OK, 1 row affected (0.00 sec)

Query OK, 1 row affected (0.00 sec)

mysql> select * from emp;
+-------+--------+-----------+------+------------+------+------+--------+
| empno | enname | job       | mgr  | hiredate   | sal  | comm | deptno |
+-------+--------+-----------+------+------------+------+------+--------+
|  7369 | smith  | clark     | 7902 | 1980-12-17 |  800 | NULL |     20 |
|  7499 | allen  | salesman  | 7698 | 1981-02-20 | 1600 |  300 |     30 |
|  7521 | ward   | salesman  | 7698 | 1981-02-22 | 1250 |  500 |     30 |
|  7566 | jones  | managen   | 7839 | 1981-04-02 | 2975 | NULL |     30 |
|  7654 | martin | salesman  | 7698 | 1981-09-28 | 1250 | 1400 |     30 |
|  7698 | blake  | manager   | 7839 | 1981-05-01 | 2850 | NULL |     30 |
|  7782 | clark  | manageer  | 7839 | 1980-06-17 | 2450 | NULL |     10 |
|  7788 | scott  | analyst   | 7566 | 1987-02-20 | 3000 | NULL |     20 |
|  7839 | king   | president | NULL | 1987-02-20 | 5000 | NULL |     10 |
+-------+--------+-----------+------+------------+------+------+--------+
9 rows in set (0.00 sec)

mysql> select count(*) from emp;
+----------+
| count(*) |
+----------+
|        9 |
+----------+
1 row in set (0.00 sec)

mysql> select deptno,count(*) from emp group by deptno;
+--------+----------+
| deptno | count(*) |
+--------+----------+
|     10 |        2 |
|     20 |        2 |
|     30 |        5 |
+--------+----------+
3 rows in set (0.00 sec)

mysql>
mysql> select deptno,sum(sal) from emp group by deptno;
+--------+----------+
| deptno | sum(sal) |
+--------+----------+
|     10 |     7450 |
|     20 |     3800 |
|     30 |     9925 |
+--------+----------+
3 rows in set (0.00 sec)

mysql> select deptno,sum(sal),count(*) from emp group by deptno;
+--------+----------+----------+
| deptno | sum(sal) | count(*) |
+--------+----------+----------+
|     10 |     7450 |        2 |
|     20 |     3800 |        2 |
|     30 |     9925 |        5 |
+--------+----------+----------+
3 rows in set (0.00 sec)

mysql> select deptno,count(*) from emp where sal>1500 group by deptno;
+--------+----------+
| deptno | count(*) |
+--------+----------+
|     10 |        2 |
|     20 |        1 |
|     30 |        3 |
+--------+----------+
3 rows in set (0.00 sec)

mysql> select count(*) from emp;
+----------+
| count(*) |
+----------+
|        9 |
+----------+
1 row in set (0.00 sec)

mysql> select * from emp;
+-------+--------+-----------+------+------------+------+------+--------+
| empno | enname | job       | mgr  | hiredate   | sal  | comm | deptno |
+-------+--------+-----------+------+------------+------+------+--------+
|  7369 | smith  | clark     | 7902 | 1980-12-17 |  800 | NULL |     20 |
|  7499 | allen  | salesman  | 7698 | 1981-02-20 | 1600 |  300 |     30 |
|  7521 | ward   | salesman  | 7698 | 1981-02-22 | 1250 |  500 |     30 |
|  7566 | jones  | managen   | 7839 | 1981-04-02 | 2975 | NULL |     30 |
|  7654 | martin | salesman  | 7698 | 1981-09-28 | 1250 | 1400 |     30 |
|  7698 | blake  | manager   | 7839 | 1981-05-01 | 2850 | NULL |     30 |
|  7782 | clark  | manageer  | 7839 | 1980-06-17 | 2450 | NULL |     10 |
|  7788 | scott  | analyst   | 7566 | 1987-02-20 | 3000 | NULL |     20 |
|  7839 | king   | president | NULL | 1987-02-20 | 5000 | NULL |     10 |
+-------+--------+-----------+------+------------+------+------+--------+
9 rows in set (0.00 sec)

mysql> select deptno,sum(sal) from emp group by deptno;
+--------+----------+
| deptno | sum(sal) |
+--------+----------+
|     10 |     7450 |
|     20 |     3800 |
|     30 |     9925 |
+--------+----------+
3 rows in set (0.00 sec)

mysql> select deptno,sum(sal) from emp where sum(sal)>7000 group by deptno;
ERROR 1111 (HY000): Invalid use of group function
mysql> select deptno,sum(sal) from emp group by deptno having sum(sal)>7000;
+--------+----------+
| deptno | sum(sal) |
+--------+----------+
|     10 |     7450 |
|     30 |     9925 |
+--------+----------+
2 rows in set (0.00 sec)

mysql> select deptno,sum(sal)  from emp where sal>1500 group by deptno ;
+--------+----------+
| deptno | sum(sal) |
+--------+----------+
|     10 |     7450 |
|     20 |     3000 |
|     30 |     7425 |
+--------+----------+
3 rows in set (0.00 sec)

mysql> select deptno,sum(sal)  from emp where sal>1500 group by deptno having sum(sal)>6000;
+--------+----------+
| deptno | sum(sal) |
+--------+----------+
|     10 |     7450 |
|     30 |     7425 |
+--------+----------+
2 rows in set (0.00 sec)

mysql>
mysql>
mysql>
mysql>
mysql> select * from emp;
+-------+--------+-----------+------+------------+------+------+--------+
| empno | enname | job       | mgr  | hiredate   | sal  | comm | deptno |
+-------+--------+-----------+------+------------+------+------+--------+
|  7369 | smith  | clark     | 7902 | 1980-12-17 |  800 | NULL |     20 |
|  7499 | allen  | salesman  | 7698 | 1981-02-20 | 1600 |  300 |     30 |
|  7521 | ward   | salesman  | 7698 | 1981-02-22 | 1250 |  500 |     30 |
|  7566 | jones  | managen   | 7839 | 1981-04-02 | 2975 | NULL |     30 |
|  7654 | martin | salesman  | 7698 | 1981-09-28 | 1250 | 1400 |     30 |
|  7698 | blake  | manager   | 7839 | 1981-05-01 | 2850 | NULL |     30 |
|  7782 | clark  | manageer  | 7839 | 1980-06-17 | 2450 | NULL |     10 |
|  7788 | scott  | analyst   | 7566 | 1987-02-20 | 3000 | NULL |     20 |
|  7839 | king   | president | NULL | 1987-02-20 | 5000 | NULL |     10 |
+-------+--------+-----------+------+------------+------+------+--------+
9 rows in set (0.00 sec)

mysql> select * from emp limit 3;
+-------+--------+----------+------+------------+------+------+--------+
| empno | enname | job      | mgr  | hiredate   | sal  | comm | deptno |
+-------+--------+----------+------+------------+------+------+--------+
|  7369 | smith  | clark    | 7902 | 1980-12-17 |  800 | NULL |     20 |
|  7499 | allen  | salesman | 7698 | 1981-02-20 | 1600 |  300 |     30 |
|  7521 | ward   | salesman | 7698 | 1981-02-22 | 1250 |  500 |     30 |
+-------+--------+----------+------+------------+------+------+--------+
3 rows in set (0.00 sec)

mysql> select * from emp limit 0,3;
+-------+--------+----------+------+------------+------+------+--------+
| empno | enname | job      | mgr  | hiredate   | sal  | comm | deptno |
+-------+--------+----------+------+------------+------+------+--------+
|  7369 | smith  | clark    | 7902 | 1980-12-17 |  800 | NULL |     20 |
|  7499 | allen  | salesman | 7698 | 1981-02-20 | 1600 |  300 |     30 |
|  7521 | ward   | salesman | 7698 | 1981-02-22 | 1250 |  500 |     30 |
+-------+--------+----------+------+------------+------+------+--------+
3 rows in set (0.00 sec)

mysql> select * from emp limit 2,3;
+-------+--------+----------+------+------------+------+------+--------+
| empno | enname | job      | mgr  | hiredate   | sal  | comm | deptno |
+-------+--------+----------+------+------------+------+------+--------+
|  7521 | ward   | salesman | 7698 | 1981-02-22 | 1250 |  500 |     30 |
|  7566 | jones  | managen  | 7839 | 1981-04-02 | 2975 | NULL |     30 |
|  7654 | martin | salesman | 7698 | 1981-09-28 | 1250 | 1400 |     30 |
+-------+--------+----------+------+------------+------+------+--------+
3 rows in set (0.00 sec)

mysql> select * from emp limit 5,2;
+-------+--------+----------+------+------------+------+------+--------+
| empno | enname | job      | mgr  | hiredate   | sal  | comm | deptno |
+-------+--------+----------+------+------------+------+------+--------+
|  7698 | blake  | manager  | 7839 | 1981-05-01 | 2850 | NULL |     30 |
|  7782 | clark  | manageer | 7839 | 1980-06-17 | 2450 | NULL |     10 |
+-------+--------+----------+------+------------+------+------+--------+
2 rows in set (0.00 sec)

mysql> select * from emp;
+-------+--------+-----------+------+------------+------+------+--------+
| empno | enname | job       | mgr  | hiredate   | sal  | comm | deptno |
+-------+--------+-----------+------+------------+------+------+--------+
|  7369 | smith  | clark     | 7902 | 1980-12-17 |  800 | NULL |     20 |
|  7499 | allen  | salesman  | 7698 | 1981-02-20 | 1600 |  300 |     30 |
|  7521 | ward   | salesman  | 7698 | 1981-02-22 | 1250 |  500 |     30 |
|  7566 | jones  | managen   | 7839 | 1981-04-02 | 2975 | NULL |     30 |
|  7654 | martin | salesman  | 7698 | 1981-09-28 | 1250 | 1400 |     30 |
|  7698 | blake  | manager   | 7839 | 1981-05-01 | 2850 | NULL |     30 |
|  7782 | clark  | manageer  | 7839 | 1980-06-17 | 2450 | NULL |     10 |
|  7788 | scott  | analyst   | 7566 | 1987-02-20 | 3000 | NULL |     20 |
|  7839 | king   | president | NULL | 1987-02-20 | 5000 | NULL |     10 |
+-------+--------+-----------+------+------------+------+------+--------+
9 rows in set (0.00 sec)

mysql> select * from emp limit 0,3;
+-------+--------+----------+------+------------+------+------+--------+
| empno | enname | job      | mgr  | hiredate   | sal  | comm | deptno |
+-------+--------+----------+------+------------+------+------+--------+
|  7369 | smith  | clark    | 7902 | 1980-12-17 |  800 | NULL |     20 |
|  7499 | allen  | salesman | 7698 | 1981-02-20 | 1600 |  300 |     30 |
|  7521 | ward   | salesman | 7698 | 1981-02-22 | 1250 |  500 |     30 |
+-------+--------+----------+------+------------+------+------+--------+
3 rows in set (0.00 sec)

mysql> select * from emp limit 3,3;
+-------+--------+----------+------+------------+------+------+--------+
| empno | enname | job      | mgr  | hiredate   | sal  | comm | deptno |
+-------+--------+----------+------+------------+------+------+--------+
|  7566 | jones  | managen  | 7839 | 1981-04-02 | 2975 | NULL |     30 |
|  7654 | martin | salesman | 7698 | 1981-09-28 | 1250 | 1400 |     30 |
|  7698 | blake  | manager  | 7839 | 1981-05-01 | 2850 | NULL |     30 |
+-------+--------+----------+------+------------+------+------+--------+
3 rows in set (0.00 sec)

mysql> select * from emp limit 6,3;
+-------+--------+-----------+------+------------+------+------+--------+
| empno | enname | job       | mgr  | hiredate   | sal  | comm | deptno |
+-------+--------+-----------+------+------------+------+------+--------+
|  7782 | clark  | manageer  | 7839 | 1980-06-17 | 2450 | NULL |     10 |
|  7788 | scott  | analyst   | 7566 | 1987-02-20 | 3000 | NULL |     20 |
|  7839 | king   | president | NULL | 1987-02-20 | 5000 | NULL |     10 |
+-------+--------+-----------+------+------------+------+------+--------+
3 rows in set (0.00 sec)

mysql>